../../Drivers/STM32U5xx_HAL_Driver/Inc/stm32u5xx_ll_bus.h:845:22:LL_AHB2_GRP1_EnableClock	1
../../Drivers/STM32U5xx_HAL_Driver/Inc/stm32u5xx_ll_bus.h:1895:22:LL_APB1_GRP2_EnableClock	1
../Core/Src/main.c:82:5:main	1
../Core/Src/main.c:146:13:NonSecure_Init	1
../Core/Src/main.c:166:6:SystemClock_Config	4
../Core/Src/main.c:224:13:SystemPower_Config	2
../Core/Src/main.c:244:13:MX_ADC1_Init	2
../Core/Src/main.c:288:13:MX_GTZC_S_Init	6
../Core/Src/main.c:398:13:MX_ICACHE_Init	3
../Core/Src/main.c:430:13:MX_UCPD1_Init	1
../Core/Src/main.c:472:13:MX_USART1_UART_Init	5
../Core/Src/main.c:520:13:MX_USB_OTG_FS_PCD_Init	2
../Core/Src/main.c:556:13:MX_GPIO_Init	1
../Core/Src/main.c:592:6:Error_Handler	1
