21:25:20 **** Incremental Build of configuration Debug for project FirstTrustZoneGPIOApp_NonSecure ****
make -j12 all 
arm-none-eabi-gcc -o "FirstTrustZoneGPIOApp_NonSecure.elf" @"objects.list" C:/Users/Marco/Desktop/Tesi/Tesi-STM32-TrustZone/Workspaces/Test/FirstTrustZoneGPIOApp/Secure/Debug/secure_nsclib.o  -mcpu=cortex-m33 -T"C:\Users\Marco\Desktop\Tesi\Tesi-STM32-TrustZone\Workspaces\Test\FirstTrustZoneGPIOApp\NonSecure\STM32U575ZITXQ_FLASH.ld" --specs=nosys.specs -Wl,-Map="FirstTrustZoneGPIOApp_NonSecure.map" -Wl,--gc-sections -static --specs=nano.specs -mfpu=fpv5-sp-d16 -mfloat-abi=hard -mthumb -Wl,--start-group -lc -lm -Wl,--end-group
Finished building target: FirstTrustZoneGPIOApp_NonSecure.elf
 
arm-none-eabi-size  FirstTrustZoneGPIOApp_NonSecure.elf 
arm-none-eabi-objdump -h -S FirstTrustZoneGPIOApp_NonSecure.elf  > "FirstTrustZoneGPIOApp_NonSecure.list"
   text	   data	    bss	    dec	    hex	filename
   4032	      9	   1572	   5613	   15ed	FirstTrustZoneGPIOApp_NonSecure.elf
Finished building: default.size.stdout
 
Finished building: FirstTrustZoneGPIOApp_NonSecure.list
 

21:25:21 Build Finished. 0 errors, 0 warnings. (took 613ms)

