21:20:55 **** Incremental Build of configuration Debug for project FirstTrustZoneGPIOApp_Secure ****
make -j12 all 
arm-none-eabi-size  FirstTrustZoneGPIOApp_Secure.elf 
   text	   data	    bss	    dec	    hex	filename
  33948	      9	   3116	  37073	   90d1	FirstTrustZoneGPIOApp_Secure.elf
Finished building: default.size.stdout
 
21:20:55 **** Incremental Build of configuration Debug for project FirstTrustZoneGPIOApp_Secure ****
make -j12 all 
arm-none-eabi-size  FirstTrustZoneGPIOApp_Secure.elf 
   text	   data	    bss	    dec	    hex	filename
  33948	      9	   3116	  37073	   90d1	FirstTrustZoneGPIOApp_Secure.elf
Finished building: default.size.stdout
 
21:20:56 **** Incremental Build of configuration Debug for project FirstTrustZoneGPIOApp_NonSecure ****
make -j12 all 
arm-none-eabi-size  FirstTrustZoneGPIOApp_NonSecure.elf 
   text	   data	    bss	    dec	    hex	filename
   4032	      9	   1572	   5613	   15ed	FirstTrustZoneGPIOApp_NonSecure.elf
Finished building: default.size.stdout
 
21:21:34 **** Incremental Build of configuration Debug for project FirstTrustZoneGPIOApp_Secure ****
make -j12 all 
arm-none-eabi-gcc "../Core/Src/secure_nsc.c" -mcpu=cortex-m33 -std=gnu11 -g3 -DDEBUG -DUSE_HAL_DRIVER -DSTM32U575xx -DUSE_FULL_LL_DRIVER -c -I../Core/Inc -I../../Secure_nsclib -I../../Drivers/STM32U5xx_HAL_Driver/Inc -I../../Drivers/CMSIS/Device/ST/STM32U5xx/Include -I../../Drivers/STM32U5xx_HAL_Driver/Inc/Legacy -I../../Drivers/CMSIS/Include -O0 -ffunction-sections -fdata-sections -Wall -fstack-usage -fcyclomatic-complexity -mcmse -MMD -MP -MF"Core/Src/secure_nsc.d" -MT"Core/Src/secure_nsc.o" --specs=nano.specs -mfpu=fpv5-sp-d16 -mfloat-abi=hard -mthumb -o "Core/Src/secure_nsc.o"
arm-none-eabi-gcc -o "FirstTrustZoneGPIOApp_Secure.elf" @"objects.list"   -mcpu=cortex-m33 -T"C:\Users\Marco\Desktop\Tesi\Tesi-STM32-TrustZone\Workspaces\Test\FirstTrustZoneGPIOApp\Secure\STM32U575ZITXQ_FLASH.ld" --specs=nosys.specs -Wl,-Map="FirstTrustZoneGPIOApp_Secure.map" -Wl,--gc-sections -static -Wl,--cmse-implib -Wl,--out-implib=./secure_nsclib.o --specs=nano.specs -mfpu=fpv5-sp-d16 -mfloat-abi=hard -mthumb -Wl,--start-group -lc -lm -Wl,--end-group
Finished building target: FirstTrustZoneGPIOApp_Secure.elf
 
arm-none-eabi-size  FirstTrustZoneGPIOApp_Secure.elf 
arm-none-eabi-objdump -h -S FirstTrustZoneGPIOApp_Secure.elf  > "FirstTrustZoneGPIOApp_Secure.list"
   text	   data	    bss	    dec	    hex	filename
  33948	      9	   3116	  37073	   90d1	FirstTrustZoneGPIOApp_Secure.elf
Finished building: default.size.stdout
 
Finished building: FirstTrustZoneGPIOApp_Secure.list
 
21:21:36 **** Incremental Build of configuration Debug for project FirstTrustZoneGPIOApp_NonSecure ****
make -j12 all 
arm-none-eabi-gcc "../Core/Src/main.c" -mcpu=cortex-m33 -std=gnu11 -g3 -DDEBUG -DUSE_HAL_DRIVER -DSTM32U575xx -c -I../Core/Inc -I../../Secure_nsclib -I../../Drivers/STM32U5xx_HAL_Driver/Inc -I../../Drivers/CMSIS/Device/ST/STM32U5xx/Include -I../../Drivers/STM32U5xx_HAL_Driver/Inc/Legacy -I../../Drivers/CMSIS/Include -O0 -ffunction-sections -fdata-sections -Wall -fstack-usage -fcyclomatic-complexity -MMD -MP -MF"Core/Src/main.d" -MT"Core/Src/main.o" --specs=nano.specs -mfpu=fpv5-sp-d16 -mfloat-abi=hard -mthumb -o "Core/Src/main.o"
arm-none-eabi-gcc "../Core/Src/stm32u5xx_hal_msp.c" -mcpu=cortex-m33 -std=gnu11 -g3 -DDEBUG -DUSE_HAL_DRIVER -DSTM32U575xx -c -I../Core/Inc -I../../Secure_nsclib -I../../Drivers/STM32U5xx_HAL_Driver/Inc -I../../Drivers/CMSIS/Device/ST/STM32U5xx/Include -I../../Drivers/STM32U5xx_HAL_Driver/Inc/Legacy -I../../Drivers/CMSIS/Include -O0 -ffunction-sections -fdata-sections -Wall -fstack-usage -fcyclomatic-complexity -MMD -MP -MF"Core/Src/stm32u5xx_hal_msp.d" -MT"Core/Src/stm32u5xx_hal_msp.o" --specs=nano.specs -mfpu=fpv5-sp-d16 -mfloat-abi=hard -mthumb -o "Core/Src/stm32u5xx_hal_msp.o"
arm-none-eabi-gcc "../Core/Src/stm32u5xx_it.c" -mcpu=cortex-m33 -std=gnu11 -g3 -DDEBUG -DUSE_HAL_DRIVER -DSTM32U575xx -c -I../Core/Inc -I../../Secure_nsclib -I../../Drivers/STM32U5xx_HAL_Driver/Inc -I../../Drivers/CMSIS/Device/ST/STM32U5xx/Include -I../../Drivers/STM32U5xx_HAL_Driver/Inc/Legacy -I../../Drivers/CMSIS/Include -O0 -ffunction-sections -fdata-sections -Wall -fstack-usage -fcyclomatic-complexity -MMD -MP -MF"Core/Src/stm32u5xx_it.d" -MT"Core/Src/stm32u5xx_it.o" --specs=nano.specs -mfpu=fpv5-sp-d16 -mfloat-abi=hard -mthumb -o "Core/Src/stm32u5xx_it.o"
arm-none-eabi-gcc -o "FirstTrustZoneGPIOApp_NonSecure.elf" @"objects.list" C:/Users/Marco/Desktop/Tesi/Tesi-STM32-TrustZone/Workspaces/Test/FirstTrustZoneGPIOApp/Secure/Debug/secure_nsclib.o  -mcpu=cortex-m33 -T"C:\Users\Marco\Desktop\Tesi\Tesi-STM32-TrustZone\Workspaces\Test\FirstTrustZoneGPIOApp\NonSecure\STM32U575ZITXQ_FLASH.ld" --specs=nosys.specs -Wl,-Map="FirstTrustZoneGPIOApp_NonSecure.map" -Wl,--gc-sections -static --specs=nano.specs -mfpu=fpv5-sp-d16 -mfloat-abi=hard -mthumb -Wl,--start-group -lc -lm -Wl,--end-group
Finished building target: FirstTrustZoneGPIOApp_NonSecure.elf
 
arm-none-eabi-size  FirstTrustZoneGPIOApp_NonSecure.elf 
arm-none-eabi-objdump -h -S FirstTrustZoneGPIOApp_NonSecure.elf  > "FirstTrustZoneGPIOApp_NonSecure.list"
   text	   data	    bss	    dec	    hex	filename
   4032	      9	   1572	   5613	   15ed	FirstTrustZoneGPIOApp_NonSecure.elf
Finished building: default.size.stdout
 
Finished building: FirstTrustZoneGPIOApp_NonSecure.list
 
21:25:19 **** Incremental Build of configuration Debug for project FirstTrustZoneGPIOApp_Secure ****
make -j12 all 
arm-none-eabi-size  FirstTrustZoneGPIOApp_Secure.elf 
   text	   data	    bss	    dec	    hex	filename
  33948	      9	   3116	  37073	   90d1	FirstTrustZoneGPIOApp_Secure.elf
Finished building: default.size.stdout
 
21:25:20 **** Incremental Build of configuration Debug for project FirstTrustZoneGPIOApp_NonSecure ****
make -j12 all 
arm-none-eabi-gcc -o "FirstTrustZoneGPIOApp_NonSecure.elf" @"objects.list" C:/Users/Marco/Desktop/Tesi/Tesi-STM32-TrustZone/Workspaces/Test/FirstTrustZoneGPIOApp/Secure/Debug/secure_nsclib.o  -mcpu=cortex-m33 -T"C:\Users\Marco\Desktop\Tesi\Tesi-STM32-TrustZone\Workspaces\Test\FirstTrustZoneGPIOApp\NonSecure\STM32U575ZITXQ_FLASH.ld" --specs=nosys.specs -Wl,-Map="FirstTrustZoneGPIOApp_NonSecure.map" -Wl,--gc-sections -static --specs=nano.specs -mfpu=fpv5-sp-d16 -mfloat-abi=hard -mthumb -Wl,--start-group -lc -lm -Wl,--end-group
Finished building target: FirstTrustZoneGPIOApp_NonSecure.elf
 
arm-none-eabi-size  FirstTrustZoneGPIOApp_NonSecure.elf 
arm-none-eabi-objdump -h -S FirstTrustZoneGPIOApp_NonSecure.elf  > "FirstTrustZoneGPIOApp_NonSecure.list"
   text	   data	    bss	    dec	    hex	filename
   4032	      9	   1572	   5613	   15ed	FirstTrustZoneGPIOApp_NonSecure.elf
Finished building: default.size.stdout
 
Finished building: FirstTrustZoneGPIOApp_NonSecure.list
 
