Archive member included to satisfy reference by file (symbol)

E:/ST/STM32CubeIDE_1.15.1/STM32CubeIDE/plugins/com.st.stm32cube.ide.mcu.externaltools.gnu-tools-for-stm32.12.3.rel1.win32_1.0.100.202403111256/tools/bin/../lib/gcc/arm-none-eabi/12.3.1/../../../../arm-none-eabi/lib/thumb/v8-m.main+fp/hard\libc_nano.a(libc_a-exit.o)
                              E:/ST/STM32CubeIDE_1.15.1/STM32CubeIDE/plugins/com.st.stm32cube.ide.mcu.externaltools.gnu-tools-for-stm32.12.3.rel1.win32_1.0.100.202403111256/tools/bin/../lib/gcc/arm-none-eabi/12.3.1/../../../../arm-none-eabi/lib/thumb/v8-m.main+fp/hard/crt0.o (exit)
E:/ST/STM32CubeIDE_1.15.1/STM32CubeIDE/plugins/com.st.stm32cube.ide.mcu.externaltools.gnu-tools-for-stm32.12.3.rel1.win32_1.0.100.202403111256/tools/bin/../lib/gcc/arm-none-eabi/12.3.1/../../../../arm-none-eabi/lib/thumb/v8-m.main+fp/hard\libc_nano.a(libc_a-findfp.o)
                              E:/ST/STM32CubeIDE_1.15.1/STM32CubeIDE/plugins/com.st.stm32cube.ide.mcu.externaltools.gnu-tools-for-stm32.12.3.rel1.win32_1.0.100.202403111256/tools/bin/../lib/gcc/arm-none-eabi/12.3.1/../../../../arm-none-eabi/lib/thumb/v8-m.main+fp/hard\libc_nano.a(libc_a-exit.o) (__stdio_exit_handler)
E:/ST/STM32CubeIDE_1.15.1/STM32CubeIDE/plugins/com.st.stm32cube.ide.mcu.externaltools.gnu-tools-for-stm32.12.3.rel1.win32_1.0.100.202403111256/tools/bin/../lib/gcc/arm-none-eabi/12.3.1/../../../../arm-none-eabi/lib/thumb/v8-m.main+fp/hard\libc_nano.a(libc_a-fwalk.o)
                              E:/ST/STM32CubeIDE_1.15.1/STM32CubeIDE/plugins/com.st.stm32cube.ide.mcu.externaltools.gnu-tools-for-stm32.12.3.rel1.win32_1.0.100.202403111256/tools/bin/../lib/gcc/arm-none-eabi/12.3.1/../../../../arm-none-eabi/lib/thumb/v8-m.main+fp/hard\libc_nano.a(libc_a-findfp.o) (_fwalk_sglue)
E:/ST/STM32CubeIDE_1.15.1/STM32CubeIDE/plugins/com.st.stm32cube.ide.mcu.externaltools.gnu-tools-for-stm32.12.3.rel1.win32_1.0.100.202403111256/tools/bin/../lib/gcc/arm-none-eabi/12.3.1/../../../../arm-none-eabi/lib/thumb/v8-m.main+fp/hard\libc_nano.a(libc_a-stdio.o)
                              E:/ST/STM32CubeIDE_1.15.1/STM32CubeIDE/plugins/com.st.stm32cube.ide.mcu.externaltools.gnu-tools-for-stm32.12.3.rel1.win32_1.0.100.202403111256/tools/bin/../lib/gcc/arm-none-eabi/12.3.1/../../../../arm-none-eabi/lib/thumb/v8-m.main+fp/hard\libc_nano.a(libc_a-findfp.o) (__sread)
E:/ST/STM32CubeIDE_1.15.1/STM32CubeIDE/plugins/com.st.stm32cube.ide.mcu.externaltools.gnu-tools-for-stm32.12.3.rel1.win32_1.0.100.202403111256/tools/bin/../lib/gcc/arm-none-eabi/12.3.1/../../../../arm-none-eabi/lib/thumb/v8-m.main+fp/hard\libc_nano.a(libc_a-memset.o)
                              E:/ST/STM32CubeIDE_1.15.1/STM32CubeIDE/plugins/com.st.stm32cube.ide.mcu.externaltools.gnu-tools-for-stm32.12.3.rel1.win32_1.0.100.202403111256/tools/bin/../lib/gcc/arm-none-eabi/12.3.1/../../../../arm-none-eabi/lib/thumb/v8-m.main+fp/hard/crt0.o (memset)
E:/ST/STM32CubeIDE_1.15.1/STM32CubeIDE/plugins/com.st.stm32cube.ide.mcu.externaltools.gnu-tools-for-stm32.12.3.rel1.win32_1.0.100.202403111256/tools/bin/../lib/gcc/arm-none-eabi/12.3.1/../../../../arm-none-eabi/lib/thumb/v8-m.main+fp/hard\libc_nano.a(libc_a-closer.o)
                              E:/ST/STM32CubeIDE_1.15.1/STM32CubeIDE/plugins/com.st.stm32cube.ide.mcu.externaltools.gnu-tools-for-stm32.12.3.rel1.win32_1.0.100.202403111256/tools/bin/../lib/gcc/arm-none-eabi/12.3.1/../../../../arm-none-eabi/lib/thumb/v8-m.main+fp/hard\libc_nano.a(libc_a-stdio.o) (_close_r)
E:/ST/STM32CubeIDE_1.15.1/STM32CubeIDE/plugins/com.st.stm32cube.ide.mcu.externaltools.gnu-tools-for-stm32.12.3.rel1.win32_1.0.100.202403111256/tools/bin/../lib/gcc/arm-none-eabi/12.3.1/../../../../arm-none-eabi/lib/thumb/v8-m.main+fp/hard\libc_nano.a(libc_a-reent.o)
                              E:/ST/STM32CubeIDE_1.15.1/STM32CubeIDE/plugins/com.st.stm32cube.ide.mcu.externaltools.gnu-tools-for-stm32.12.3.rel1.win32_1.0.100.202403111256/tools/bin/../lib/gcc/arm-none-eabi/12.3.1/../../../../arm-none-eabi/lib/thumb/v8-m.main+fp/hard\libc_nano.a(libc_a-closer.o) (errno)
E:/ST/STM32CubeIDE_1.15.1/STM32CubeIDE/plugins/com.st.stm32cube.ide.mcu.externaltools.gnu-tools-for-stm32.12.3.rel1.win32_1.0.100.202403111256/tools/bin/../lib/gcc/arm-none-eabi/12.3.1/../../../../arm-none-eabi/lib/thumb/v8-m.main+fp/hard\libc_nano.a(libc_a-impure.o)
                              E:/ST/STM32CubeIDE_1.15.1/STM32CubeIDE/plugins/com.st.stm32cube.ide.mcu.externaltools.gnu-tools-for-stm32.12.3.rel1.win32_1.0.100.202403111256/tools/bin/../lib/gcc/arm-none-eabi/12.3.1/../../../../arm-none-eabi/lib/thumb/v8-m.main+fp/hard\libc_nano.a(libc_a-reent.o) (_impure_ptr)
E:/ST/STM32CubeIDE_1.15.1/STM32CubeIDE/plugins/com.st.stm32cube.ide.mcu.externaltools.gnu-tools-for-stm32.12.3.rel1.win32_1.0.100.202403111256/tools/bin/../lib/gcc/arm-none-eabi/12.3.1/../../../../arm-none-eabi/lib/thumb/v8-m.main+fp/hard\libc_nano.a(libc_a-lseekr.o)
[...]
Memory Configuration

Name             Origin             Length             Attributes
RAM              0x30000000         0x00040000         xrw
SRAM4            0x38000000         0x00004000         xrw
FLASH            0x0c000000         0x000fe000         xr
FLASH_NSC        0x0c0fe000         0x00002000         xr
*default*        0x00000000         0xffffffff

Linker script and memory map

LOAD E:/ST/STM32CubeIDE_1.15.1/STM32CubeIDE/plugins/com.st.stm32cube.ide.mcu.externaltools.gnu-tools-for-stm32.12.3.rel1.win32_1.0.100.202403111256/tools/bin/../lib/gcc/arm-none-eabi/12.3.1/thumb/v8-m.main+fp/hard/crti.o
LOAD E:/ST/STM32CubeIDE_1.15.1/STM32CubeIDE/plugins/com.st.stm32cube.ide.mcu.externaltools.gnu-tools-for-stm32.12.3.rel1.win32_1.0.100.202403111256/tools/bin/../lib/gcc/arm-none-eabi/12.3.1/thumb/v8-m.main+fp/hard/crtbegin.o
LOAD E:/ST/STM32CubeIDE_1.15.1/STM32CubeIDE/plugins/com.st.stm32cube.ide.mcu.externaltools.gnu-tools-for-stm32.12.3.rel1.win32_1.0.100.202403111256/tools/bin/../lib/gcc/arm-none-eabi/12.3.1/../../../../arm-none-eabi/lib/thumb/v8-m.main+fp/hard/crt0.o
LOAD ./Core/Src/main.o
LOAD ./Core/Src/secure_nsc.o
LOAD ./Core/Src/stm32u5xx_hal_msp.o
LOAD ./Core/Src/stm32u5xx_it.o
LOAD ./Core/Src/syscalls.o
LOAD ./Core/Src/sysmem.o
LOAD ./Core/Src/system_stm32u5xx_s.o
LOAD ./Core/Startup/startup_stm32u575zitxq.o
LOAD ./Drivers/STM32U5xx_HAL_Driver/stm32u5xx_hal.o
LOAD ./Drivers/STM32U5xx_HAL_Driver/stm32u5xx_hal_adc.o
LOAD ./Drivers/STM32U5xx_HAL_Driver/stm32u5xx_hal_adc_ex.o
LOAD ./Drivers/STM32U5xx_HAL_Driver/stm32u5xx_hal_cortex.o
LOAD ./Drivers/STM32U5xx_HAL_Driver/stm32u5xx_hal_dma.o
LOAD ./Drivers/STM32U5xx_HAL_Driver/stm32u5xx_hal_dma_ex.o
LOAD ./Drivers/STM32U5xx_HAL_Driver/stm32u5xx_hal_exti.o
LOAD ./Drivers/STM32U5xx_HAL_Driver/stm32u5xx_hal_flash.o
LOAD ./Drivers/STM32U5xx_HAL_Driver/stm32u5xx_hal_flash_ex.o
LOAD ./Drivers/STM32U5xx_HAL_Driver/stm32u5xx_hal_gpio.o
LOAD ./Drivers/STM32U5xx_HAL_Driver/stm32u5xx_hal_gtzc.o
LOAD ./Drivers/STM32U5xx_HAL_Driver/stm32u5xx_hal_i2c.o
LOAD ./Drivers/STM32U5xx_HAL_Driver/stm32u5xx_hal_i2c_ex.o
LOAD ./Drivers/STM32U5xx_HAL_Driver/stm32u5xx_hal_icache.o
LOAD ./Drivers/STM32U5xx_HAL_Driver/stm32u5xx_hal_pcd.o
LOAD ./Drivers/STM32U5xx_HAL_Driver/stm32u5xx_hal_pcd_ex.o
LOAD ./Drivers/STM32U5xx_HAL_Driver/stm32u5xx_hal_pwr.o
LOAD ./Drivers/STM32U5xx_HAL_Driver/stm32u5xx_hal_pwr_ex.o
LOAD ./Drivers/STM32U5xx_HAL_Driver/stm32u5xx_hal_rcc.o
LOAD ./Drivers/STM32U5xx_HAL_Driver/stm32u5xx_hal_rcc_ex.o
LOAD ./Drivers/STM32U5xx_HAL_Driver/stm32u5xx_hal_tim.o
LOAD ./Drivers/STM32U5xx_HAL_Driver/stm32u5xx_hal_tim_ex.o
LOAD ./Drivers/STM32U5xx_HAL_Driver/stm32u5xx_hal_uart.o
LOAD ./Drivers/STM32U5xx_HAL_Driver/stm32u5xx_hal_uart_ex.o
LOAD ./Drivers/STM32U5xx_HAL_Driver/stm32u5xx_ll_dma.o
LOAD ./Drivers/STM32U5xx_HAL_Driver/stm32u5xx_ll_exti.o
LOAD ./Drivers/STM32U5xx_HAL_Driver/stm32u5xx_ll_gpio.o
LOAD ./Drivers/STM32U5xx_HAL_Driver/stm32u5xx_ll_lpgpio.o
LOAD ./Drivers/STM32U5xx_HAL_Driver/stm32u5xx_ll_ucpd.o
LOAD ./Drivers/STM32U5xx_HAL_Driver/stm32u5xx_ll_usb.o
LOAD ./Drivers/STM32U5xx_HAL_Driver/stm32u5xx_ll_utils.o
START GROUP
LOAD E:/ST/STM32CubeIDE_1.15.1/STM32CubeIDE/plugins/com.st.stm32cube.ide.mcu.externaltools.gnu-tools-for-stm32.12.3.rel1.win32_1.0.100.202403111256/tools/bin/../lib/gcc/arm-none-eabi/12.3.1/../../../../arm-none-eabi/lib/thumb/v8-m.main+fp/hard\libc_nano.a
LOAD E:/ST/STM32CubeIDE_1.15.1/STM32CubeIDE/plugins/com.st.stm32cube.ide.mcu.externaltools.gnu-tools-for-stm32.12.3.rel1.win32_1.0.100.202403111256/tools/bin/../lib/gcc/arm-none-eabi/12.3.1/../../../../arm-none-eabi/lib/thumb/v8-m.main+fp/hard\libm.a
END GROUP
START GROUP
LOAD E:/ST/STM32CubeIDE_1.15.1/STM32CubeIDE/plugins/com.st.stm32cube.ide.mcu.externaltools.gnu-tools-for-stm32.12.3.rel1.win32_1.0.100.202403111256/tools/bin/../lib/gcc/arm-none-eabi/12.3.1/thumb/v8-m.main+fp/hard\libgcc.a
LOAD E:/ST/STM32CubeIDE_1.15.1/STM32CubeIDE/plugins/com.st.stm32cube.ide.mcu.externaltools.gnu-tools-for-stm32.12.3.rel1.win32_1.0.100.202403111256/tools/bin/../lib/gcc/arm-none-eabi/12.3.1/../../../../arm-none-eabi/lib/thumb/v8-m.main+fp/hard\libc_nano.a
END GROUP
START GROUP
LOAD E:/ST/STM32CubeIDE_1.15.1/STM32CubeIDE/plugins/com.st.stm32cube.ide.mcu.externaltools.gnu-tools-for-stm32.12.3.rel1.win32_1.0.100.202403111256/tools/bin/../lib/gcc/arm-none-eabi/12.3.1/thumb/v8-m.main+fp/hard\libgcc.a
LOAD E:/ST/STM32CubeIDE_1.15.1/STM32CubeIDE/plugins/com.st.stm32cube.ide.mcu.externaltools.gnu-tools-for-stm32.12.3.rel1.win32_1.0.100.202403111256/tools/bin/../lib/gcc/arm-none-eabi/12.3.1/../../../../arm-none-eabi/lib/thumb/v8-m.main+fp/hard\libc_nano.a
LOAD E:/ST/STM32CubeIDE_1.15.1/STM32CubeIDE/plugins/com.st.stm32cube.ide.mcu.externaltools.gnu-tools-for-stm32.12.3.rel1.win32_1.0.100.202403111256/tools/bin/../lib/gcc/arm-none-eabi/12.3.1/../../../../arm-none-eabi/lib/thumb/v8-m.main+fp/hard\libnosys.a
END GROUP
START GROUP
LOAD E:/ST/STM32CubeIDE_1.15.1/STM32CubeIDE/plugins/com.st.stm32cube.ide.mcu.externaltools.gnu-tools-for-stm32.12.3.rel1.win32_1.0.100.202403111256/tools/bin/../lib/gcc/arm-none-eabi/12.3.1/thumb/v8-m.main+fp/hard\libgcc.a
LOAD E:/ST/STM32CubeIDE_1.15.1/STM32CubeIDE/plugins/com.st.stm32cube.ide.mcu.externaltools.gnu-tools-for-stm32.12.3.rel1.win32_1.0.100.202403111256/tools/bin/../lib/gcc/arm-none-eabi/12.3.1/../../../../arm-none-eabi/lib/thumb/v8-m.main+fp/hard\libc_nano.a
LOAD E:/ST/STM32CubeIDE_1.15.1/STM32CubeIDE/plugins/com.st.stm32cube.ide.mcu.externaltools.gnu-tools-for-stm32.12.3.rel1.win32_1.0.100.202403111256/tools/bin/../lib/gcc/arm-none-eabi/12.3.1/../../../../arm-none-eabi/lib/thumb/v8-m.main+fp/hard\libnosys.a
END GROUP
LOAD E:/ST/STM32CubeIDE_1.15.1/STM32CubeIDE/plugins/com.st.stm32cube.ide.mcu.externaltools.gnu-tools-for-stm32.12.3.rel1.win32_1.0.100.202403111256/tools/bin/../lib/gcc/arm-none-eabi/12.3.1/thumb/v8-m.main+fp/hard/crtend.o
LOAD E:/ST/STM32CubeIDE_1.15.1/STM32CubeIDE/plugins/com.st.stm32cube.ide.mcu.externaltools.gnu-tools-for-stm32.12.3.rel1.win32_1.0.100.202403111256/tools/bin/../lib/gcc/arm-none-eabi/12.3.1/thumb/v8-m.main+fp/hard/crtn.o
                0x30040000                        _estack = (ORIGIN (RAM) + LENGTH (RAM))
                0x00000200                        _Min_Heap_Size = 0x200
                0x00000400                        _Min_Stack_Size = 0x400

.isr_vector     0x0c000000      0x238
 *(.isr_vector)
 .isr_vector    0x0c000000      0x238 ./Core/Startup/startup_stm32u575zitxq.o
                0x0c000000                g_pfnVectors

.text           0x0c000238     0x8134
 *(.text)
 .text          0x0c000238       0x40 E:/ST/STM32CubeIDE_1.15.1/STM32CubeIDE/plugins/com.st.stm32cube.ide.mcu.externaltools.gnu-tools-for-stm32.12.3.rel1.win32_1.0.100.202403111256/tools/bin/../lib/gcc/arm-none-eabi/12.3.1/thumb/v8-m.main+fp/hard/crtbegin.o
 .text          0x0c000278       0x5c E:/ST/STM32CubeIDE_1.15.1/STM32CubeIDE/plugins/com.st.stm32cube.ide.mcu.externaltools.gnu-tools-for-stm32.12.3.rel1.win32_1.0.100.202403111256/tools/bin/../lib/gcc/arm-none-eabi/12.3.1/thumb/v8-m.main+fp/hard\libgcc.a(cmse_nonsecure_call.o)
                0x0c000278                __gnu_cmse_nonsecure_call
 .text          0x0c0002d4       0x30 E:/ST/STM32CubeIDE_1.15.1/STM32CubeIDE/plugins/com.st.stm32cube.ide.mcu.externaltools.gnu-tools-for-stm32.12.3.rel1.win32_1.0.100.202403111256/tools/bin/../lib/gcc/arm-none-eabi/12.3.1/thumb/v8-m.main+fp/hard\libgcc.a(_aeabi_uldivmod.o)
                0x0c0002d4                __aeabi_uldivmod
 .text          0x0c000304      0x2e4 E:/ST/STM32CubeIDE_1.15.1/STM32CubeIDE/plugins/com.st.stm32cube.ide.mcu.externaltools.gnu-tools-for-stm32.12.3.rel1.win32_1.0.100.202403111256/tools/bin/../lib/gcc/arm-none-eabi/12.3.1/thumb/v8-m.main+fp/hard\libgcc.a(_udivmoddi4.o)
                0x0c000304                __udivmoddi4
 .text          0x0c0005e8        0x4 E:/ST/STM32CubeIDE_1.15.1/STM32CubeIDE/plugins/com.st.stm32cube.ide.mcu.externaltools.gnu-tools-for-stm32.12.3.rel1.win32_1.0.100.202403111256/tools/bin/../lib/gcc/arm-none-eabi/12.3.1/thumb/v8-m.main+fp/hard\libgcc.a(_dvmd_tls.o)
                0x0c0005e8                __aeabi_idiv0
                0x0c0005e8                __aeabi_ldiv0
 *(.text*)
 .text.LL_AHB2_GRP1_EnableClock
                0x0c0005ec       0x38 ./Core/Src/main.o
 .text.LL_APB1_GRP2_EnableClock
                0x0c000624       0x38 ./Core/Src/main.o
 .text.main     0x0c00065c       0x34 ./Core/Src/main.o
                0x0c00065c                main
 .text.NonSecure_Init
                0x0c000690       0x88 ./Core/Src/main.o
 .text.SystemClock_Config
                0x0c000718       0xc8 ./Core/Src/main.o
                0x0c000718                SystemClock_Config
 .text.SystemPower_Config
                0x0c0007e0       0x1c ./Core/Src/main.o
 .text.MX_ADC1_Init
                0x0c0007fc       0x88 ./Core/Src/main.o
 .text.MX_GTZC_S_Init
                0x0c000884      0x408 ./Core/Src/main.o
 .text.MX_ICACHE_Init
                0x0c000c8c       0x26 ./Core/Src/main.o
 *fill*         0x0c000cb2        0x2 
 .text.MX_UCPD1_Init
                0x0c000cb4       0x6c ./Core/Src/main.o
 .text.MX_USART1_UART_Init
                0x0c000d20       0x98 ./Core/Src/main.o
 .text.MX_USB_OTG_FS_PCD_Init
                0x0c000db8       0x64 ./Core/Src/main.o
 .text.MX_GPIO_Init
                0x0c000e1c       0xb8 ./Core/Src/main.o
 .text.Error_Handler
                0x0c000ed4        0xc ./Core/Src/main.o
                0x0c000ed4                Error_Handler
 .text.SECURE_RegisterCallback
                0x0c000ee0       0xa8 ./Core/Src/secure_nsc.o
                0x0c000ee0                __acle_se_SECURE_RegisterCallback
 .text.Toggle_Pin
                0x0c000f88       0x80 ./Core/Src/secure_nsc.o
                0x0c000f88                __acle_se_Toggle_Pin
 .text.HAL_MspInit
                0x0c001008       0x54 ./Core/Src/stm32u5xx_hal_msp.o
                0x0c001008                HAL_MspInit
 .text.HAL_ADC_MspInit
                0x0c00105c       0xc8 ./Core/Src/stm32u5xx_hal_msp.o
                0x0c00105c                HAL_ADC_MspInit
 .text.HAL_UART_MspInit
                0x0c001124       0xd0 ./Core/Src/stm32u5xx_hal_msp.o
                0x0c001124                HAL_UART_MspInit
 .text.HAL_PCD_MspInit
                0x0c0011f4      0x118 ./Core/Src/stm32u5xx_hal_msp.o
                0x0c0011f4                HAL_PCD_MspInit
 .text.NMI_Handler
                0x0c00130c        0x8 ./Core/Src/stm32u5xx_it.o
                0x0c00130c                NMI_Handler
 .text.HardFault_Handler
                0x0c001314        0x8 ./Core/Src/stm32u5xx_it.o
                0x0c001314                HardFault_Handler
 .text.MemManage_Handler
                0x0c00131c        0x8 ./Core/Src/stm32u5xx_it.o
                0x0c00131c                MemManage_Handler
 .text.BusFault_Handler
                0x0c001324        0x8 ./Core/Src/stm32u5xx_it.o
                0x0c001324                BusFault_Handler
 .text.UsageFault_Handler
                0x0c00132c        0x8 ./Core/Src/stm32u5xx_it.o
                0x0c00132c                UsageFault_Handler
 .text.SecureFault_Handler
                0x0c001334        0x8 ./Core/Src/stm32u5xx_it.o
                0x0c001334                SecureFault_Handler
 .text.SVC_Handler
                0x0c00133c        0xe ./Core/Src/stm32u5xx_it.o
                0x0c00133c                SVC_Handler
 .text.DebugMon_Handler
                0x0c00134a        0xe ./Core/Src/stm32u5xx_it.o
                0x0c00134a                DebugMon_Handler
 .text.PendSV_Handler
                0x0c001358        0xe ./Core/Src/stm32u5xx_it.o
                0x0c001358                PendSV_Handler
 .text.SysTick_Handler
                0x0c001366        0xc ./Core/Src/stm32u5xx_it.o
                0x0c001366                SysTick_Handler
 *fill*         0x0c001372        0x2 
 .text.TZ_SAU_Setup
                0x0c001374       0x64 ./Core/Src/system_stm32u5xx_s.o
 .text.SystemInit
                0x0c0013d8       0x80 ./Core/Src/system_stm32u5xx_s.o
                0x0c0013d8                SystemInit
 .text.SystemCoreClockUpdate
                0x0c001458      0x1f0 ./Core/Src/system_stm32u5xx_s.o
                0x0c001458                SystemCoreClockUpdate
 .text.SECURE_SystemCoreClockUpdate
                0x0c001648       0x80 ./Core/Src/system_stm32u5xx_s.o
                0x0c001648                __acle_se_SECURE_SystemCoreClockUpdate
 .text.Reset_Handler
                0x0c0016c8       0x50 ./Core/Startup/startup_stm32u575zitxq.o
                0x0c0016c8                Reset_Handler
 .text.Default_Handler
                0x0c001718        0x2 ./Core/Startup/startup_stm32u575zitxq.o
                0x0c001718                EXTI2_IRQHandler
                0x0c001718                TIM8_TRG_COM_IRQHandler
                0x0c001718                TIM8_CC_IRQHandler
                0x0c001718                EXTI5_IRQHandler
                0x0c001718                FLASH_S_IRQHandler
                0x0c001718                EXTI13_IRQHandler
                0x0c001718                TIM1_CC_IRQHandler
                0x0c001718                TSC_IRQHandler
                0x0c001718                TAMP_IRQHandler
                0x0c001718                TIM6_IRQHandler
                0x0c001718                EXTI12_IRQHandler
                0x0c001718                CORDIC_IRQHandler
                0x0c001718                EXTI3_IRQHandler
                0x0c001718                LPTIM4_IRQHandler
                0x0c001718                GPDMA1_Channel5_IRQHandler
                0x0c001718                EXTI8_IRQHandler
                0x0c001718                LPTIM2_IRQHandler
                0x0c001718                I2C3_ER_IRQHandler
                0x0c001718                PWR_S3WU_IRQHandler
                0x0c001718                MDF1_FLT2_IRQHandler
                0x0c001718                LPDMA1_Channel3_IRQHandler
                0x0c001718                LPTIM3_IRQHandler
                0x0c001718                EXTI0_IRQHandler
                0x0c001718                I2C2_EV_IRQHandler
                0x0c001718                FPU_IRQHandler
                0x0c001718                GPDMA1_Channel3_IRQHandler
                0x0c001718                GPDMA1_Channel7_IRQHandler
                0x0c001718                MDF1_FLT4_IRQHandler
                0x0c001718                FDCAN1_IT1_IRQHandler
                0x0c001718                RAMCFG_IRQHandler
                0x0c001718                GPDMA1_Channel9_IRQHandler
                0x0c001718                DCACHE1_IRQHandler
                0x0c001718                SPI1_IRQHandler
                0x0c001718                OCTOSPI1_IRQHandler
                0x0c001718                GPDMA1_Channel2_IRQHandler
                0x0c001718                TIM8_UP_IRQHandler
                0x0c001718                RCC_S_IRQHandler
                0x0c001718                OCTOSPI2_IRQHandler
                0x0c001718                SAI2_IRQHandler
                0x0c001718                MDF1_FLT1_IRQHandler
                0x0c001718                ADC1_IRQHandler
                0x0c001718                MDF1_FLT5_IRQHandler
                0x0c001718                EXTI15_IRQHandler
                0x0c001718                TIM17_IRQHandler
                0x0c001718                USART3_IRQHandler
                0x0c001718                RTC_IRQHandler
                0x0c001718                EXTI9_IRQHandler
                0x0c001718                UART5_IRQHandler
                0x0c001718                TIM4_IRQHandler
                0x0c001718                I2C1_EV_IRQHandler
                0x0c001718                GPDMA1_Channel12_IRQHandler
                0x0c001718                GPDMA1_Channel1_IRQHandler
                0x0c001718                TIM16_IRQHandler
                0x0c001718                GPDMA1_Channel15_IRQHandler
                0x0c001718                UART4_IRQHandler
                0x0c001718                TIM3_IRQHandler
                0x0c001718                RCC_IRQHandler
                0x0c001718                TIM1_TRG_COM_IRQHandler
                0x0c001718                Default_Handler
                0x0c001718                GPDMA1_Channel8_IRQHandler
                0x0c001718                FMAC_IRQHandler
                0x0c001718                GPDMA1_Channel11_IRQHandler
                0x0c001718                TIM7_IRQHandler
                0x0c001718                SDMMC1_IRQHandler
                0x0c001718                TIM5_IRQHandler
                0x0c001718                UCPD1_IRQHandler
                0x0c001718                GPDMA1_Channel0_IRQHandler
                0x0c001718                TIM15_IRQHandler
                0x0c001718                I2C3_EV_IRQHandler
                0x0c001718                LPDMA1_Channel0_IRQHandler
                0x0c001718                PVD_PVM_IRQHandler
                0x0c001718                SPI2_IRQHandler
                0x0c001718                LPDMA1_Channel1_IRQHandler
                0x0c001718                EXTI14_IRQHandler
                0x0c001718                EXTI11_IRQHandler
                0x0c001718                CRS_IRQHandler
                0x0c001718                GPDMA1_Channel14_IRQHandler
                0x0c001718                LSECSSD_IRQHandler
                0x0c001718                EXTI4_IRQHandler
                0x0c001718                RTC_S_IRQHandler
                0x0c001718                GPDMA1_Channel13_IRQHandler
                0x0c001718                RNG_IRQHandler
                0x0c001718                COMP_IRQHandler
                0x0c001718                TIM1_UP_IRQHandler
                0x0c001718                ADC4_IRQHandler
                0x0c001718                WWDG_IRQHandler
                0x0c001718                I2C4_EV_IRQHandler
                0x0c001718                ADF1_IRQHandler
                0x0c001718                IWDG_IRQHandler
                0x0c001718                LPUART1_IRQHandler
                0x0c001718                MDF1_FLT0_IRQHandler
                0x0c001718                FDCAN1_IT0_IRQHandler
                0x0c001718                TIM2_IRQHandler
                0x0c001718                GPDMA1_Channel4_IRQHandler
                0x0c001718                EXTI7_IRQHandler
                0x0c001718                DMA2D_IRQHandler
                0x0c001718                TIM1_BRK_IRQHandler
                0x0c001718                EXTI1_IRQHandler
                0x0c001718                SDMMC2_IRQHandler
                0x0c001718                DAC1_IRQHandler
                0x0c001718                GTZC_IRQHandler
                0x0c001718                MDF1_FLT3_IRQHandler
                0x0c001718                USART2_IRQHandler
                0x0c001718                GPDMA1_Channel6_IRQHandler
                0x0c001718                I2C2_ER_IRQHandler
                0x0c001718                TIM8_BRK_IRQHandler
                0x0c001718                FLASH_IRQHandler
                0x0c001718                USART1_IRQHandler
                0x0c001718                EXTI10_IRQHandler
                0x0c001718                OTG_FS_IRQHandler
                0x0c001718                SPI3_IRQHandler
                0x0c001718                LPDMA1_Channel2_IRQHandler
                0x0c001718                I2C1_ER_IRQHandler
                0x0c001718                FMC_IRQHandler
                0x0c001718                EXTI6_IRQHandler
                0x0c001718                LPTIM1_IRQHandler
                0x0c001718                DCMI_PSSI_IRQHandler
                0x0c001718                I2C4_ER_IRQHandler
                0x0c001718                GPDMA1_Channel10_IRQHandler
                0x0c001718                ICACHE_IRQHandler
                0x0c001718                SAI1_IRQHandler
                0x0c001718                HASH_IRQHandler
 *fill*         0x0c00171a        0x2 
 .text.HAL_Init
                0x0c00171c       0x60 ./Drivers/STM32U5xx_HAL_Driver/stm32u5xx_hal.o
                0x0c00171c                HAL_Init
 .text.HAL_InitTick
                0x0c00177c       0xec ./Drivers/STM32U5xx_HAL_Driver/stm32u5xx_hal.o
                0x0c00177c                HAL_InitTick
 .text.HAL_IncTick
                0x0c001868       0x28 ./Drivers/STM32U5xx_HAL_Driver/stm32u5xx_hal.o
                0x0c001868                HAL_IncTick
 .text.HAL_GetTick
                0x0c001890       0x18 ./Drivers/STM32U5xx_HAL_Driver/stm32u5xx_hal.o
                0x0c001890                HAL_GetTick
 .text.HAL_Delay
                0x0c0018a8       0x48 ./Drivers/STM32U5xx_HAL_Driver/stm32u5xx_hal.o
                0x0c0018a8                HAL_Delay
 .text.LL_ADC_SetCommonClock
                0x0c0018f0       0x26 ./Drivers/STM32U5xx_HAL_Driver/stm32u5xx_hal_adc.o
 *fill*         0x0c001916        0x2 
 .text.LL_ADC_SetResolution
                0x0c001918       0x40 ./Drivers/STM32U5xx_HAL_Driver/stm32u5xx_hal_adc.o
 .text.LL_ADC_SetGainCompensation
                0x0c001958       0x46 ./Drivers/STM32U5xx_HAL_Driver/stm32u5xx_hal_adc.o
 .text.LL_ADC_SetSamplingTimeCommonChannels
                0x0c00199e       0x3e ./Drivers/STM32U5xx_HAL_Driver/stm32u5xx_hal_adc.o
 .text.LL_ADC_DisableDeepPowerDown
                0x0c0019dc       0x24 ./Drivers/STM32U5xx_HAL_Driver/stm32u5xx_hal_adc.o
 .text.LL_ADC_IsDeepPowerDownEnabled
                0x0c001a00       0x28 ./Drivers/STM32U5xx_HAL_Driver/stm32u5xx_hal_adc.o
 .text.LL_ADC_EnableInternalRegulator
                0x0c001a28       0x28 ./Drivers/STM32U5xx_HAL_Driver/stm32u5xx_hal_adc.o
 .text.LL_ADC_IsInternalRegulatorEnabled
                0x0c001a50       0x28 ./Drivers/STM32U5xx_HAL_Driver/stm32u5xx_hal_adc.o
 .text.LL_ADC_IsEnabled
                0x0c001a78       0x26 ./Drivers/STM32U5xx_HAL_Driver/stm32u5xx_hal_adc.o
 .text.LL_ADC_REG_IsConversionOngoing
                0x0c001a9e       0x26 ./Drivers/STM32U5xx_HAL_Driver/stm32u5xx_hal_adc.o
 .text.LL_ADC_INJ_IsConversionOngoing
                0x0c001ac4       0x26 ./Drivers/STM32U5xx_HAL_Driver/stm32u5xx_hal_adc.o
 *fill*         0x0c001aea        0x2 
 .text.HAL_ADC_Init
                0x0c001aec      0x594 ./Drivers/STM32U5xx_HAL_Driver/stm32u5xx_hal_adc.o
                0x0c001aec                HAL_ADC_Init
 .text.__NVIC_SetPriorityGrouping
                0x0c002080       0x48 ./Drivers/STM32U5xx_HAL_Driver/stm32u5xx_hal_cortex.o
 .text.__NVIC_GetPriorityGrouping
                0x0c0020c8       0x1c ./Drivers/STM32U5xx_HAL_Driver/stm32u5xx_hal_cortex.o
 .text.__NVIC_SetPriority
                0x0c0020e4       0x54 ./Drivers/STM32U5xx_HAL_Driver/stm32u5xx_hal_cortex.o
 .text.NVIC_EncodePriority
                0x0c002138       0x66 ./Drivers/STM32U5xx_HAL_Driver/stm32u5xx_hal_cortex.o
 .text.HAL_NVIC_SetPriorityGrouping
                0x0c00219e       0x16 ./Drivers/STM32U5xx_HAL_Driver/stm32u5xx_hal_cortex.o
                0x0c00219e                HAL_NVIC_SetPriorityGrouping
 .text.HAL_NVIC_SetPriority
                0x0c0021b4       0x34 ./Drivers/STM32U5xx_HAL_Driver/stm32u5xx_hal_cortex.o
                0x0c0021b4                HAL_NVIC_SetPriority
 .text.HAL_SYSTICK_Config
                0x0c0021e8       0x44 ./Drivers/STM32U5xx_HAL_Driver/stm32u5xx_hal_cortex.o
                0x0c0021e8                HAL_SYSTICK_Config
 .text.HAL_SYSTICK_CLKSourceConfig
                0x0c00222c       0xb0 ./Drivers/STM32U5xx_HAL_Driver/stm32u5xx_hal_cortex.o
                0x0c00222c                HAL_SYSTICK_CLKSourceConfig
 .text.HAL_SYSTICK_GetCLKSourceConfig
                0x0c0022dc       0x74 ./Drivers/STM32U5xx_HAL_Driver/stm32u5xx_hal_cortex.o
                0x0c0022dc                HAL_SYSTICK_GetCLKSourceConfig
 .text.HAL_GPIO_Init
                0x0c002350      0x3b0 ./Drivers/STM32U5xx_HAL_Driver/stm32u5xx_hal_gpio.o
                0x0c002350                HAL_GPIO_Init
 .text.HAL_GPIO_WritePin
                0x0c002700       0x30 ./Drivers/STM32U5xx_HAL_Driver/stm32u5xx_hal_gpio.o
                0x0c002700                HAL_GPIO_WritePin
 .text.HAL_GPIO_TogglePin
                0x0c002730       0x34 ./Drivers/STM32U5xx_HAL_Driver/stm32u5xx_hal_gpio.o
                0x0c002730                HAL_GPIO_TogglePin
 .text.HAL_GPIO_ConfigPinAttributes
                0x0c002764       0x94 ./Drivers/STM32U5xx_HAL_Driver/stm32u5xx_hal_gpio.o
                0x0c002764                HAL_GPIO_ConfigPinAttributes
 .text.HAL_GTZC_TZSC_ConfigPeriphAttributes
                0x0c0027f8      0x2c4 ./Drivers/STM32U5xx_HAL_Driver/stm32u5xx_hal_gtzc.o
                0x0c0027f8                HAL_GTZC_TZSC_ConfigPeriphAttributes
 .text.HAL_GTZC_MPCBB_ConfigMem
                0x0c002abc      0x1b0 ./Drivers/STM32U5xx_HAL_Driver/stm32u5xx_hal_gtzc.o
                0x0c002abc                HAL_GTZC_MPCBB_ConfigMem
 .text.HAL_ICACHE_ConfigAssociativityMode
                0x0c002c6c       0x40 ./Drivers/STM32U5xx_HAL_Driver/stm32u5xx_hal_icache.o
                0x0c002c6c                HAL_ICACHE_ConfigAssociativityMode
 .text.HAL_ICACHE_Enable
                0x0c002cac       0x20 ./Drivers/STM32U5xx_HAL_Driver/stm32u5xx_hal_icache.o
                0x0c002cac                HAL_ICACHE_Enable
 .text.HAL_PCD_Init
                0x0c002ccc      0x230 ./Drivers/STM32U5xx_HAL_Driver/stm32u5xx_hal_pcd.o
                0x0c002ccc                HAL_PCD_Init
 .text.HAL_PCDEx_ActivateLPM
                0x0c002efc       0x48 ./Drivers/STM32U5xx_HAL_Driver/stm32u5xx_hal_pcd_ex.o
                0x0c002efc                HAL_PCDEx_ActivateLPM
 .text.HAL_PWREx_ControlVoltageScaling
                0x0c002f44       0xfc ./Drivers/STM32U5xx_HAL_Driver/stm32u5xx_hal_pwr_ex.o
                0x0c002f44                HAL_PWREx_ControlVoltageScaling
 .text.HAL_PWREx_GetVoltageRange
                0x0c003040       0x1c ./Drivers/STM32U5xx_HAL_Driver/stm32u5xx_hal_pwr_ex.o
                0x0c003040                HAL_PWREx_GetVoltageRange
 .text.HAL_PWREx_ConfigSupply
                0x0c00305c       0xa0 ./Drivers/STM32U5xx_HAL_Driver/stm32u5xx_hal_pwr_ex.o
                0x0c00305c                HAL_PWREx_ConfigSupply
 .text.HAL_PWREx_EnableVddUSB
                0x0c0030fc       0x20 ./Drivers/STM32U5xx_HAL_Driver/stm32u5xx_hal_pwr_ex.o
                0x0c0030fc                HAL_PWREx_EnableVddUSB
 .text.HAL_PWREx_EnableVddIO2
                0x0c00311c       0x20 ./Drivers/STM32U5xx_HAL_Driver/stm32u5xx_hal_pwr_ex.o
                0x0c00311c                HAL_PWREx_EnableVddIO2
 .text.HAL_PWREx_EnableVddA
                0x0c00313c       0x20 ./Drivers/STM32U5xx_HAL_Driver/stm32u5xx_hal_pwr_ex.o
                0x0c00313c                HAL_PWREx_EnableVddA
 .text.HAL_RCC_OscConfig
                0x0c00315c      0xdb8 ./Drivers/STM32U5xx_HAL_Driver/stm32u5xx_hal_rcc.o
                0x0c00315c                HAL_RCC_OscConfig
 .text.HAL_RCC_ClockConfig
                0x0c003f14      0x3e4 ./Drivers/STM32U5xx_HAL_Driver/stm32u5xx_hal_rcc.o
                0x0c003f14                HAL_RCC_ClockConfig
 .text.HAL_RCC_GetSysClockFreq
                0x0c0042f8      0x204 ./Drivers/STM32U5xx_HAL_Driver/stm32u5xx_hal_rcc.o
                0x0c0042f8                HAL_RCC_GetSysClockFreq
 .text.HAL_RCC_GetHCLKFreq
                0x0c0044fc       0x34 ./Drivers/STM32U5xx_HAL_Driver/stm32u5xx_hal_rcc.o
                0x0c0044fc                HAL_RCC_GetHCLKFreq
 .text.HAL_RCC_GetPCLK1Freq
                0x0c004530       0x28 ./Drivers/STM32U5xx_HAL_Driver/stm32u5xx_hal_rcc.o
                0x0c004530                HAL_RCC_GetPCLK1Freq
 .text.HAL_RCC_GetPCLK2Freq
                0x0c004558       0x28 ./Drivers/STM32U5xx_HAL_Driver/stm32u5xx_hal_rcc.o
                0x0c004558                HAL_RCC_GetPCLK2Freq
 .text.HAL_RCC_GetPCLK3Freq
                0x0c004580       0x28 ./Drivers/STM32U5xx_HAL_Driver/stm32u5xx_hal_rcc.o
                0x0c004580                HAL_RCC_GetPCLK3Freq
 .text.RCC_SetFlashLatencyFromMSIRange
                0x0c0045a8      0x10c ./Drivers/STM32U5xx_HAL_Driver/stm32u5xx_hal_rcc.o
 .text.HAL_RCCEx_PeriphCLKConfig
                0x0c0046b4      0xb48 ./Drivers/STM32U5xx_HAL_Driver/stm32u5xx_hal_rcc_ex.o
                0x0c0046b4                HAL_RCCEx_PeriphCLKConfig
 .text.HAL_RCCEx_GetPLL1ClockFreq
                0x0c0051fc      0x2b4 ./Drivers/STM32U5xx_HAL_Driver/stm32u5xx_hal_rcc_ex.o
                0x0c0051fc                HAL_RCCEx_GetPLL1ClockFreq
 .text.HAL_RCCEx_GetPLL2ClockFreq
                0x0c0054b0      0x2b4 ./Drivers/STM32U5xx_HAL_Driver/stm32u5xx_hal_rcc_ex.o
                0x0c0054b0                HAL_RCCEx_GetPLL2ClockFreq
 .text.HAL_RCCEx_GetPLL3ClockFreq
                0x0c005764      0x2b4 ./Drivers/STM32U5xx_HAL_Driver/stm32u5xx_hal_rcc_ex.o
                0x0c005764                HAL_RCCEx_GetPLL3ClockFreq
 .text.HAL_RCCEx_GetPeriphCLKFreq
                0x0c005a18     0x136c ./Drivers/STM32U5xx_HAL_Driver/stm32u5xx_hal_rcc_ex.o
                0x0c005a18                HAL_RCCEx_GetPeriphCLKFreq
 .text.RCCEx_PLL2_Config
                0x0c006d84      0x130 ./Drivers/STM32U5xx_HAL_Driver/stm32u5xx_hal_rcc_ex.o
 .text.RCCEx_PLL3_Config
                0x0c006eb4      0x130 ./Drivers/STM32U5xx_HAL_Driver/stm32u5xx_hal_rcc_ex.o
 .text.HAL_UART_Init
                0x0c006fe4       0xa0 ./Drivers/STM32U5xx_HAL_Driver/stm32u5xx_hal_uart.o
                0x0c006fe4                HAL_UART_Init
 .text.UART_SetConfig
                0x0c007084      0x340 ./Drivers/STM32U5xx_HAL_Driver/stm32u5xx_hal_uart.o
                0x0c007084                UART_SetConfig
 .text.UART_AdvFeatureConfig
                0x0c0073c4      0x144 ./Drivers/STM32U5xx_HAL_Driver/stm32u5xx_hal_uart.o
                0x0c0073c4                UART_AdvFeatureConfig
 .text.UART_CheckIdleState
                0x0c007508      0x154 ./Drivers/STM32U5xx_HAL_Driver/stm32u5xx_hal_uart.o
                0x0c007508                UART_CheckIdleState
 .text.UART_WaitOnFlagUntilTimeout
                0x0c00765c       0xda ./Drivers/STM32U5xx_HAL_Driver/stm32u5xx_hal_uart.o
                0x0c00765c                UART_WaitOnFlagUntilTimeout
 .text.UART_EndRxTransfer
                0x0c007736       0xcc ./Drivers/STM32U5xx_HAL_Driver/stm32u5xx_hal_uart.o
 .text.HAL_UARTEx_DisableFifoMode
                0x0c007802       0x72 ./Drivers/STM32U5xx_HAL_Driver/stm32u5xx_hal_uart_ex.o
                0x0c007802                HAL_UARTEx_DisableFifoMode
 .text.HAL_UARTEx_SetTxFifoThreshold
                0x0c007874       0x7c ./Drivers/STM32U5xx_HAL_Driver/stm32u5xx_hal_uart_ex.o
                0x0c007874                HAL_UARTEx_SetTxFifoThreshold
 .text.HAL_UARTEx_SetRxFifoThreshold
                0x0c0078f0       0x7c ./Drivers/STM32U5xx_HAL_Driver/stm32u5xx_hal_uart_ex.o
                0x0c0078f0                HAL_UARTEx_SetRxFifoThreshold
 .text.UARTEx_SetNbDataToProcess
                0x0c00796c       0x9c ./Drivers/STM32U5xx_HAL_Driver/stm32u5xx_hal_uart_ex.o
 .text.LL_GPIO_SetPinMode
                0x0c007a08       0x7a ./Drivers/STM32U5xx_HAL_Driver/stm32u5xx_ll_gpio.o
 .text.LL_GPIO_SetPinOutputType
                0x0c007a82       0x30 ./Drivers/STM32U5xx_HAL_Driver/stm32u5xx_ll_gpio.o
 .text.LL_GPIO_SetPinSpeed
                0x0c007ab2       0x7a ./Drivers/STM32U5xx_HAL_Driver/stm32u5xx_ll_gpio.o
 .text.LL_GPIO_SetPinPull
                0x0c007b2c       0x7a ./Drivers/STM32U5xx_HAL_Driver/stm32u5xx_ll_gpio.o
 .text.LL_GPIO_SetAFPin_0_7
                0x0c007ba6       0x7a ./Drivers/STM32U5xx_HAL_Driver/stm32u5xx_ll_gpio.o
 .text.LL_GPIO_SetAFPin_8_15
                0x0c007c20       0x7e ./Drivers/STM32U5xx_HAL_Driver/stm32u5xx_ll_gpio.o
 .text.LL_GPIO_Init
                0x0c007c9e       0xfc ./Drivers/STM32U5xx_HAL_Driver/stm32u5xx_ll_gpio.o
                0x0c007c9e                LL_GPIO_Init
 .text.USB_CoreInit
                0x0c007d9a       0x5a ./Drivers/STM32U5xx_HAL_Driver/stm32u5xx_ll_usb.o
                0x0c007d9a                USB_CoreInit
 .text.USB_DisableGlobalInt
                0x0c007df4       0x22 ./Drivers/STM32U5xx_HAL_Driver/stm32u5xx_ll_usb.o
                0x0c007df4                USB_DisableGlobalInt
 .text.USB_SetCurrentMode
                0x0c007e16       0x98 ./Drivers/STM32U5xx_HAL_Driver/stm32u5xx_ll_usb.o
                0x0c007e16                USB_SetCurrentMode
 *fill*         0x0c007eae        0x2 
 .text.USB_DevInit
                0x0c007eb0      0x298 ./Drivers/STM32U5xx_HAL_Driver/stm32u5xx_ll_usb.o
                0x0c007eb0                USB_DevInit
 .text.USB_FlushTxFifo
                0x0c008148       0x64 ./Drivers/STM32U5xx_HAL_Driver/stm32u5xx_ll_usb.o
                0x0c008148                USB_FlushTxFifo
 .text.USB_FlushRxFifo
                0x0c0081ac       0x5c ./Drivers/STM32U5xx_HAL_Driver/stm32u5xx_ll_usb.o
                0x0c0081ac                USB_FlushRxFifo
 .text.USB_SetDevSpeed
                0x0c008208       0x32 ./Drivers/STM32U5xx_HAL_Driver/stm32u5xx_ll_usb.o
                0x0c008208                USB_SetDevSpeed
 .text.USB_DevDisconnect
                0x0c00823a       0x42 ./Drivers/STM32U5xx_HAL_Driver/stm32u5xx_ll_usb.o
                0x0c00823a                USB_DevDisconnect
 .text.USB_GetMode
                0x0c00827c       0x1c ./Drivers/STM32U5xx_HAL_Driver/stm32u5xx_ll_usb.o
                0x0c00827c                USB_GetMode
 .text.USB_CoreReset
                0x0c008298       0x62 ./Drivers/STM32U5xx_HAL_Driver/stm32u5xx_ll_usb.o
 .text.memset   0x0c0082fa       0x10 E:/ST/STM32CubeIDE_1.15.1/STM32CubeIDE/plugins/com.st.stm32cube.ide.mcu.externaltools.gnu-tools-for-stm32.12.3.rel1.win32_1.0.100.202403111256/tools/bin/../lib/gcc/arm-none-eabi/12.3.1/../../../../arm-none-eabi/lib/thumb/v8-m.main+fp/hard\libc_nano.a(libc_a-memset.o)
                0x0c0082fa                memset
 *fill*         0x0c00830a        0x2 
 .text.__libc_init_array
                0x0c00830c       0x48 E:/ST/STM32CubeIDE_1.15.1/STM32CubeIDE/plugins/com.st.stm32cube.ide.mcu.externaltools.gnu-tools-for-stm32.12.3.rel1.win32_1.0.100.202403111256/tools/bin/../lib/gcc/arm-none-eabi/12.3.1/../../../../arm-none-eabi/lib/thumb/v8-m.main+fp/hard\libc_nano.a(libc_a-init.o)
                0x0c00830c                __libc_init_array
 *(.glue_7)
 .glue_7        0x0c008354        0x0 linker stubs
 *(.glue_7t)
 .glue_7t       0x0c008354        0x0 linker stubs
 *(.eh_frame)
 .eh_frame      0x0c008354        0x0 E:/ST/STM32CubeIDE_1.15.1/STM32CubeIDE/plugins/com.st.stm32cube.ide.mcu.externaltools.gnu-tools-for-stm32.12.3.rel1.win32_1.0.100.202403111256/tools/bin/../lib/gcc/arm-none-eabi/12.3.1/thumb/v8-m.main+fp/hard/crtbegin.o
 *(.init)
 .init          0x0c008354        0x4 E:/ST/STM32CubeIDE_1.15.1/STM32CubeIDE/plugins/com.st.stm32cube.ide.mcu.externaltools.gnu-tools-for-stm32.12.3.rel1.win32_1.0.100.202403111256/tools/bin/../lib/gcc/arm-none-eabi/12.3.1/thumb/v8-m.main+fp/hard/crti.o
                0x0c008354                _init
 .init          0x0c008358        0x8 E:/ST/STM32CubeIDE_1.15.1/STM32CubeIDE/plugins/com.st.stm32cube.ide.mcu.externaltools.gnu-tools-for-stm32.12.3.rel1.win32_1.0.100.202403111256/tools/bin/../lib/gcc/arm-none-eabi/12.3.1/thumb/v8-m.main+fp/hard/crtn.o
 *(.fini)
 .fini          0x0c008360        0x4 E:/ST/STM32CubeIDE_1.15.1/STM32CubeIDE/plugins/com.st.stm32cube.ide.mcu.externaltools.gnu-tools-for-stm32.12.3.rel1.win32_1.0.100.202403111256/tools/bin/../lib/gcc/arm-none-eabi/12.3.1/thumb/v8-m.main+fp/hard/crti.o
                0x0c008360                _fini
 .fini          0x0c008364        0x8 E:/ST/STM32CubeIDE_1.15.1/STM32CubeIDE/plugins/com.st.stm32cube.ide.mcu.externaltools.gnu-tools-for-stm32.12.3.rel1.win32_1.0.100.202403111256/tools/bin/../lib/gcc/arm-none-eabi/12.3.1/thumb/v8-m.main+fp/hard/crtn.o
                0x0c00836c                        _etext = .

.vfp11_veneer   0x0c00836c        0x0
 .vfp11_veneer  0x0c00836c        0x0 linker stubs

.v4_bx          0x0c00836c        0x0
 .v4_bx         0x0c00836c        0x0 linker stubs

.iplt           0x0c00836c        0x0
 .iplt          0x0c00836c        0x0 E:/ST/STM32CubeIDE_1.15.1/STM32CubeIDE/plugins/com.st.stm32cube.ide.mcu.externaltools.gnu-tools-for-stm32.12.3.rel1.win32_1.0.100.202403111256/tools/bin/../lib/gcc/arm-none-eabi/12.3.1/thumb/v8-m.main+fp/hard/crtbegin.o

.rodata         0x0c00836c      0x100
 *(.rodata)
 *(.rodata*)
 .rodata.AHBPrescTable
                0x0c00836c       0x10 ./Core/Src/system_stm32u5xx_s.o
                0x0c00836c                AHBPrescTable
 .rodata.APBPrescTable
                0x0c00837c        0x8 ./Core/Src/system_stm32u5xx_s.o
                0x0c00837c                APBPrescTable
 .rodata.MSIRangeTable
                0x0c008384       0x40 ./Core/Src/system_stm32u5xx_s.o
                0x0c008384                MSIRangeTable
 .rodata.LPGPIO_Map
                0x0c0083c4       0x80 ./Drivers/STM32U5xx_HAL_Driver/stm32u5xx_hal_gpio.o
 .rodata.UARTPrescTable
                0x0c008444       0x18 ./Drivers/STM32U5xx_HAL_Driver/stm32u5xx_hal_uart.o
                0x0c008444                UARTPrescTable
 .rodata.numerator.1
                0x0c00845c        0x8 ./Drivers/STM32U5xx_HAL_Driver/stm32u5xx_hal_uart_ex.o
 .rodata.denominator.0
                0x0c008464        0x8 ./Drivers/STM32U5xx_HAL_Driver/stm32u5xx_hal_uart_ex.o

.ARM.extab
 *(.ARM.extab* .gnu.linkonce.armextab.*)

.ARM            0x0c00846c        0x8
                0x0c00846c                        __exidx_start = .
 *(.ARM.exidx*)
 .ARM.exidx     0x0c00846c        0x8 E:/ST/STM32CubeIDE_1.15.1/STM32CubeIDE/plugins/com.st.stm32cube.ide.mcu.externaltools.gnu-tools-for-stm32.12.3.rel1.win32_1.0.100.202403111256/tools/bin/../lib/gcc/arm-none-eabi/12.3.1/thumb/v8-m.main+fp/hard\libgcc.a(_udivmoddi4.o)
                0x0c008474                        __exidx_end = .

.preinit_array  0x0c008474        0x0
                0x0c008474                        PROVIDE (__preinit_array_start = .)
 *(.preinit_array*)
                0x0c008474                        PROVIDE (__preinit_array_end = .)

.init_array     0x0c008474        0x4
                0x0c008474                        PROVIDE (__init_array_start = .)
 *(SORT_BY_NAME(.init_array.*))
 *(.init_array*)
 .init_array    0x0c008474        0x4 E:/ST/STM32CubeIDE_1.15.1/STM32CubeIDE/plugins/com.st.stm32cube.ide.mcu.externaltools.gnu-tools-for-stm32.12.3.rel1.win32_1.0.100.202403111256/tools/bin/../lib/gcc/arm-none-eabi/12.3.1/thumb/v8-m.main+fp/hard/crtbegin.o
                0x0c008478                        PROVIDE (__init_array_end = .)

.fini_array     0x0c008478        0x4
                [!provide]                        PROVIDE (__fini_array_start = .)
 *(SORT_BY_NAME(.fini_array.*))
 *(.fini_array*)
 .fini_array    0x0c008478        0x4 E:/ST/STM32CubeIDE_1.15.1/STM32CubeIDE/plugins/com.st.stm32cube.ide.mcu.externaltools.gnu-tools-for-stm32.12.3.rel1.win32_1.0.100.202403111256/tools/bin/../lib/gcc/arm-none-eabi/12.3.1/thumb/v8-m.main+fp/hard/crtbegin.o
                [!provide]                        PROVIDE (__fini_array_end = .)
                0x0c00847c                        _sidata = LOADADDR (.data)

.rel.dyn        0x0c00847c        0x0
 .rel.iplt      0x0c00847c        0x0 E:/ST/STM32CubeIDE_1.15.1/STM32CubeIDE/plugins/com.st.stm32cube.ide.mcu.externaltools.gnu-tools-for-stm32.12.3.rel1.win32_1.0.100.202403111256/tools/bin/../lib/gcc/arm-none-eabi/12.3.1/thumb/v8-m.main+fp/hard/crtbegin.o

.data           0x30000000        0x9 load address 0x0c00847c
                0x30000000                        _sdata = .
 *(.data)
 *(.data*)
 .data.SystemCoreClock
                0x30000000        0x4 ./Core/Src/system_stm32u5xx_s.o
                0x30000000                SystemCoreClock
 .data.uwTickPrio
                0x30000004        0x4 ./Drivers/STM32U5xx_HAL_Driver/stm32u5xx_hal.o
                0x30000004                uwTickPrio
 .data.uwTickFreq
                0x30000008        0x1 ./Drivers/STM32U5xx_HAL_Driver/stm32u5xx_hal.o
                0x30000008                uwTickFreq
 *(.RamFunc)
 *(.RamFunc*)
                0x30000009                        _edata = .

.igot.plt       0x3000000c        0x0 load address 0x0c008485
 .igot.plt      0x3000000c        0x0 E:/ST/STM32CubeIDE_1.15.1/STM32CubeIDE/plugins/com.st.stm32cube.ide.mcu.externaltools.gnu-tools-for-stm32.12.3.rel1.win32_1.0.100.202403111256/tools/bin/../lib/gcc/arm-none-eabi/12.3.1/thumb/v8-m.main+fp/hard/crtbegin.o

.gnu.sgstubs    0x0c0fe000       0x20
                0x0c0fe000                        . = ALIGN (0x4)
 *(.gnu.sgstubs*)
                0x0c0fe000                        . = ALIGN (0x4)
 .gnu.sgstubs.__stub
                0x0c0fe000       0x18 linker stubs
                0x0c0fe000                SECURE_SystemCoreClockUpdate
                0x0c0fe008                SECURE_RegisterCallback
                0x0c0fe010                Toggle_Pin

.bss            0x3000000c      0x62c
                0x3000000c                        _sbss = .
                0x3000000c                        __bss_start__ = _sbss
 *(.bss)
 .bss           0x3000000c       0x1c E:/ST/STM32CubeIDE_1.15.1/STM32CubeIDE/plugins/com.st.stm32cube.ide.mcu.externaltools.gnu-tools-for-stm32.12.3.rel1.win32_1.0.100.202403111256/tools/bin/../lib/gcc/arm-none-eabi/12.3.1/thumb/v8-m.main+fp/hard/crtbegin.o
 *(.bss*)
 .bss.hadc1     0x30000028       0x8c ./Core/Src/main.o
                0x30000028                hadc1
 .bss.huart1    0x300000b4       0x94 ./Core/Src/main.o
                0x300000b4                huart1
 .bss.hpcd_USB_OTG_FS
                0x30000148      0x4e4 ./Core/Src/main.o
                0x30000148                hpcd_USB_OTG_FS
 .bss.pSecureFaultCallback
                0x3000062c        0x4 ./Core/Src/secure_nsc.o
                0x3000062c                pSecureFaultCallback
 .bss.pSecureErrorCallback
                0x30000630        0x4 ./Core/Src/secure_nsc.o
                0x30000630                pSecureErrorCallback
 .bss.uwTick    0x30000634        0x4 ./Drivers/STM32U5xx_HAL_Driver/stm32u5xx_hal.o
                0x30000634                uwTick
 *(COMMON)
                0x30000638                        _ebss = .
                0x30000638                        __bss_end__ = _ebss

._user_heap_stack
                0x30000638      0x600
                0x30000638                        . = ALIGN (0x8)
                [!provide]                        PROVIDE (end = .)
                0x30000638                        PROVIDE (_end = .)
                0x30000838                        . = (. + _Min_Heap_Size)
 *fill*         0x30000638      0x200 
                0x30000c38                        . = (. + _Min_Stack_Size)
 *fill*         0x30000838      0x400 
                0x30000c38                        . = ALIGN (0x8)

/DISCARD/
 libc.a(*)
 libm.a(*)
 libgcc.a(*)

.ARM.attributes
                0x00000000       0x36
 *(.ARM.attributes)
 .ARM.attributes
                0x00000000       0x26 E:/ST/STM32CubeIDE_1.15.1/STM32CubeIDE/plugins/com.st.stm32cube.ide.mcu.externaltools.gnu-tools-for-stm32.12.3.rel1.win32_1.0.100.202403111256/tools/bin/../lib/gcc/arm-none-eabi/12.3.1/thumb/v8-m.main+fp/hard/crti.o
 .ARM.attributes
                0x00000026       0x38 E:/ST/STM32CubeIDE_1.15.1/STM32CubeIDE/plugins/com.st.stm32cube.ide.mcu.externaltools.gnu-tools-for-stm32.12.3.rel1.win32_1.0.100.202403111256/tools/bin/../lib/gcc/arm-none-eabi/12.3.1/thumb/v8-m.main+fp/hard/crtbegin.o
 .ARM.attributes
                0x0000005e       0x3a ./Core/Src/main.o
 .ARM.attributes
                0x00000098       0x3a ./Core/Src/stm32u5xx_hal_msp.o
 .ARM.attributes
                0x000000d2       0x3a ./Core/Src/stm32u5xx_it.o
 .ARM.attributes
                0x0000010c       0x3a ./Core/Src/system_stm32u5xx_s.o
 .ARM.attributes
                0x00000146       0x24 ./Core/Startup/startup_stm32u575zitxq.o
 .ARM.attributes
                0x0000016a       0x3a ./Drivers/STM32U5xx_HAL_Driver/stm32u5xx_hal.o
 .ARM.attributes
                0x000001a4       0x3a ./Drivers/STM32U5xx_HAL_Driver/stm32u5xx_hal_adc.o
 .ARM.attributes
                0x000001de       0x3a ./Drivers/STM32U5xx_HAL_Driver/stm32u5xx_hal_cortex.o
 .ARM.attributes
                0x00000218       0x3a ./Drivers/STM32U5xx_HAL_Driver/stm32u5xx_hal_gpio.o
 .ARM.attributes
                0x00000252       0x3a ./Drivers/STM32U5xx_HAL_Driver/stm32u5xx_hal_gtzc.o
 .ARM.attributes
                0x0000028c       0x3a ./Drivers/STM32U5xx_HAL_Driver/stm32u5xx_hal_icache.o
 .ARM.attributes
                0x000002c6       0x3a ./Drivers/STM32U5xx_HAL_Driver/stm32u5xx_hal_pcd.o
 .ARM.attributes
                0x00000300       0x3a ./Drivers/STM32U5xx_HAL_Driver/stm32u5xx_hal_pcd_ex.o
 .ARM.attributes
                0x0000033a       0x3a ./Drivers/STM32U5xx_HAL_Driver/stm32u5xx_hal_pwr_ex.o
 .ARM.attributes
                0x00000374       0x3a ./Drivers/STM32U5xx_HAL_Driver/stm32u5xx_hal_rcc.o
 .ARM.attributes
                0x000003ae       0x3a ./Drivers/STM32U5xx_HAL_Driver/stm32u5xx_hal_rcc_ex.o
 .ARM.attributes
                0x000003e8       0x3a ./Drivers/STM32U5xx_HAL_Driver/stm32u5xx_hal_uart.o
 .ARM.attributes
                0x00000422       0x3a ./Drivers/STM32U5xx_HAL_Driver/stm32u5xx_hal_uart_ex.o
 .ARM.attributes
                0x0000045c       0x3a ./Drivers/STM32U5xx_HAL_Driver/stm32u5xx_ll_gpio.o
 .ARM.attributes
                0x00000496       0x3a ./Drivers/STM32U5xx_HAL_Driver/stm32u5xx_ll_usb.o
 .ARM.attributes
                0x000004d0       0x38 E:/ST/STM32CubeIDE_1.15.1/STM32CubeIDE/plugins/com.st.stm32cube.ide.mcu.externaltools.gnu-tools-for-stm32.12.3.rel1.win32_1.0.100.202403111256/tools/bin/../lib/gcc/arm-none-eabi/12.3.1/../../../../arm-none-eabi/lib/thumb/v8-m.main+fp/hard\libc_nano.a(libc_a-memset.o)
 .ARM.attributes
                0x00000508       0x38 E:/ST/STM32CubeIDE_1.15.1/STM32CubeIDE/plugins/com.st.stm32cube.ide.mcu.externaltools.gnu-tools-for-stm32.12.3.rel1.win32_1.0.100.202403111256/tools/bin/../lib/gcc/arm-none-eabi/12.3.1/../../../../arm-none-eabi/lib/thumb/v8-m.main+fp/hard\libc_nano.a(libc_a-init.o)
 .ARM.attributes
                0x00000540       0x24 E:/ST/STM32CubeIDE_1.15.1/STM32CubeIDE/plugins/com.st.stm32cube.ide.mcu.externaltools.gnu-tools-for-stm32.12.3.rel1.win32_1.0.100.202403111256/tools/bin/../lib/gcc/arm-none-eabi/12.3.1/thumb/v8-m.main+fp/hard\libgcc.a(cmse_nonsecure_call.o)
 .ARM.attributes
                0x00000564       0x26 E:/ST/STM32CubeIDE_1.15.1/STM32CubeIDE/plugins/com.st.stm32cube.ide.mcu.externaltools.gnu-tools-for-stm32.12.3.rel1.win32_1.0.100.202403111256/tools/bin/../lib/gcc/arm-none-eabi/12.3.1/thumb/v8-m.main+fp/hard\libgcc.a(_aeabi_uldivmod.o)
 .ARM.attributes
                0x0000058a       0x38 E:/ST/STM32CubeIDE_1.15.1/STM32CubeIDE/plugins/com.st.stm32cube.ide.mcu.externaltools.gnu-tools-for-stm32.12.3.rel1.win32_1.0.100.202403111256/tools/bin/../lib/gcc/arm-none-eabi/12.3.1/thumb/v8-m.main+fp/hard\libgcc.a(_udivmoddi4.o)
 .ARM.attributes
                0x000005c2       0x26 E:/ST/STM32CubeIDE_1.15.1/STM32CubeIDE/plugins/com.st.stm32cube.ide.mcu.externaltools.gnu-tools-for-stm32.12.3.rel1.win32_1.0.100.202403111256/tools/bin/../lib/gcc/arm-none-eabi/12.3.1/thumb/v8-m.main+fp/hard\libgcc.a(_dvmd_tls.o)
 .ARM.attributes
                0x000005e8       0x26 E:/ST/STM32CubeIDE_1.15.1/STM32CubeIDE/plugins/com.st.stm32cube.ide.mcu.externaltools.gnu-tools-for-stm32.12.3.rel1.win32_1.0.100.202403111256/tools/bin/../lib/gcc/arm-none-eabi/12.3.1/thumb/v8-m.main+fp/hard/crtn.o
OUTPUT(FirstTrustZoneGPIOApp_Secure.elf elf32-littlearm)
LOAD linker stubs
LOAD E:/ST/STM32CubeIDE_1.15.1/STM32CubeIDE/plugins/com.st.stm32cube.ide.mcu.externaltools.gnu-tools-for-stm32.12.3.rel1.win32_1.0.100.202403111256/tools/bin/../lib/gcc/arm-none-eabi/12.3.1/../../../../arm-none-eabi/lib/thumb/v8-m.main+fp/hard\libc.a
LOAD E:/ST/STM32CubeIDE_1.15.1/STM32CubeIDE/plugins/com.st.stm32cube.ide.mcu.externaltools.gnu-tools-for-stm32.12.3.rel1.win32_1.0.100.202403111256/tools/bin/../lib/gcc/arm-none-eabi/12.3.1/../../../../arm-none-eabi/lib/thumb/v8-m.main+fp/hard\libm.a
LOAD E:/ST/STM32CubeIDE_1.15.1/STM32CubeIDE/plugins/com.st.stm32cube.ide.mcu.externaltools.gnu-tools-for-stm32.12.3.rel1.win32_1.0.100.202403111256/tools/bin/../lib/gcc/arm-none-eabi/12.3.1/thumb/v8-m.main+fp/hard\libgcc.a

.debug_info     0x00000000    0x186ec
 .debug_info    0x00000000     0x233a ./Core/Src/main.o
 .debug_info    0x0000233a      0x251 ./Core/Src/secure_nsc.o
 .debug_info    0x0000258b     0x1d79 ./Core/Src/stm32u5xx_hal_msp.o
 .debug_info    0x00004304      0x17c ./Core/Src/stm32u5xx_it.o
 .debug_info    0x00004480      0xb84 ./Core/Src/system_stm32u5xx_s.o
 .debug_info    0x00005004       0x30 ./Core/Startup/startup_stm32u575zitxq.o
 .debug_info    0x00005034     0x1257 ./Drivers/STM32U5xx_HAL_Driver/stm32u5xx_hal.o
 .debug_info    0x0000628b     0x2683 ./Drivers/STM32U5xx_HAL_Driver/stm32u5xx_hal_adc.o
 .debug_info    0x0000890e     0x1774 ./Drivers/STM32U5xx_HAL_Driver/stm32u5xx_hal_cortex.o
 .debug_info    0x0000a082      0x962 ./Drivers/STM32U5xx_HAL_Driver/stm32u5xx_hal_gpio.o
 .debug_info    0x0000a9e4      0xc70 ./Drivers/STM32U5xx_HAL_Driver/stm32u5xx_hal_gtzc.o
 .debug_info    0x0000b654      0x4d6 ./Drivers/STM32U5xx_HAL_Driver/stm32u5xx_hal_icache.o
 .debug_info    0x0000bb2a     0x1586 ./Drivers/STM32U5xx_HAL_Driver/stm32u5xx_hal_pcd.o
 .debug_info    0x0000d0b0      0x8bd ./Drivers/STM32U5xx_HAL_Driver/stm32u5xx_hal_pcd_ex.o
 .debug_info    0x0000d96d      0xe3e ./Drivers/STM32U5xx_HAL_Driver/stm32u5xx_hal_pwr_ex.o
 .debug_info    0x0000e7ab     0x11f0 ./Drivers/STM32U5xx_HAL_Driver/stm32u5xx_hal_rcc.o
 .debug_info    0x0000f99b     0x157f ./Drivers/STM32U5xx_HAL_Driver/stm32u5xx_hal_rcc_ex.o
 .debug_info    0x00010f1a     0x4029 ./Drivers/STM32U5xx_HAL_Driver/stm32u5xx_hal_uart.o
 .debug_info    0x00014f43     0x11f0 ./Drivers/STM32U5xx_HAL_Driver/stm32u5xx_hal_uart_ex.o
 .debug_info    0x00016133      0xb17 ./Drivers/STM32U5xx_HAL_Driver/stm32u5xx_ll_gpio.o
 .debug_info    0x00016c4a     0x1aa2 ./Drivers/STM32U5xx_HAL_Driver/stm32u5xx_ll_usb.o

.debug_abbrev   0x00000000     0x2fb5
 .debug_abbrev  0x00000000      0x379 ./Core/Src/main.o
 .debug_abbrev  0x00000379      0x152 ./Core/Src/secure_nsc.o
 .debug_abbrev  0x000004cb      0x269 ./Core/Src/stm32u5xx_hal_msp.o
 .debug_abbrev  0x00000734       0xac ./Core/Src/stm32u5xx_it.o
 .debug_abbrev  0x000007e0      0x186 ./Core/Src/system_stm32u5xx_s.o
 .debug_abbrev  0x00000966       0x24 ./Core/Startup/startup_stm32u575zitxq.o
 .debug_abbrev  0x0000098a      0x2cd ./Drivers/STM32U5xx_HAL_Driver/stm32u5xx_hal.o
 .debug_abbrev  0x00000c57      0x2ce ./Drivers/STM32U5xx_HAL_Driver/stm32u5xx_hal_adc.o
 .debug_abbrev  0x00000f25      0x311 ./Drivers/STM32U5xx_HAL_Driver/stm32u5xx_hal_cortex.o
 .debug_abbrev  0x00001236      0x25a ./Drivers/STM32U5xx_HAL_Driver/stm32u5xx_hal_gpio.o
 .debug_abbrev  0x00001490      0x1d3 ./Drivers/STM32U5xx_HAL_Driver/stm32u5xx_hal_gtzc.o
 .debug_abbrev  0x00001663      0x228 ./Drivers/STM32U5xx_HAL_Driver/stm32u5xx_hal_icache.o
 .debug_abbrev  0x0000188b      0x2cd ./Drivers/STM32U5xx_HAL_Driver/stm32u5xx_hal_pcd.o
 .debug_abbrev  0x00001b58      0x25a ./Drivers/STM32U5xx_HAL_Driver/stm32u5xx_hal_pcd_ex.o
 .debug_abbrev  0x00001db2      0x215 ./Drivers/STM32U5xx_HAL_Driver/stm32u5xx_hal_pwr_ex.o
 .debug_abbrev  0x00001fc7      0x2cb ./Drivers/STM32U5xx_HAL_Driver/stm32u5xx_hal_rcc.o
 .debug_abbrev  0x00002292      0x23d ./Drivers/STM32U5xx_HAL_Driver/stm32u5xx_hal_rcc_ex.o
 .debug_abbrev  0x000024cf      0x305 ./Drivers/STM32U5xx_HAL_Driver/stm32u5xx_hal_uart.o
 .debug_abbrev  0x000027d4      0x2d4 ./Drivers/STM32U5xx_HAL_Driver/stm32u5xx_hal_uart_ex.o
 .debug_abbrev  0x00002aa8      0x25d ./Drivers/STM32U5xx_HAL_Driver/stm32u5xx_ll_gpio.o
 .debug_abbrev  0x00002d05      0x2b0 ./Drivers/STM32U5xx_HAL_Driver/stm32u5xx_ll_usb.o

.debug_aranges  0x00000000     0x13a0
 .debug_aranges
                0x00000000       0x88 ./Core/Src/main.o
 .debug_aranges
                0x00000088       0x28 ./Core/Src/secure_nsc.o
 .debug_aranges
                0x000000b0       0x50 ./Core/Src/stm32u5xx_hal_msp.o
 .debug_aranges
                0x00000100       0x68 ./Core/Src/stm32u5xx_it.o
 .debug_aranges
                0x00000168       0x38 ./Core/Src/system_stm32u5xx_s.o
 .debug_aranges
                0x000001a0       0x28 ./Core/Startup/startup_stm32u575zitxq.o
 .debug_aranges
                0x000001c8      0x158 ./Drivers/STM32U5xx_HAL_Driver/stm32u5xx_hal.o
 .debug_aranges
                0x00000320      0x270 ./Drivers/STM32U5xx_HAL_Driver/stm32u5xx_hal_adc.o
 .debug_aranges
                0x00000590      0x170 ./Drivers/STM32U5xx_HAL_Driver/stm32u5xx_hal_cortex.o
 .debug_aranges
                0x00000700       0x88 ./Drivers/STM32U5xx_HAL_Driver/stm32u5xx_hal_gpio.o
 .debug_aranges
                0x00000788       0xb8 ./Drivers/STM32U5xx_HAL_Driver/stm32u5xx_hal_gtzc.o
 .debug_aranges
                0x00000840       0xa8 ./Drivers/STM32U5xx_HAL_Driver/stm32u5xx_hal_icache.o
 .debug_aranges
                0x000008e8      0x140 ./Drivers/STM32U5xx_HAL_Driver/stm32u5xx_hal_pcd.o
 .debug_aranges
                0x00000a28       0x60 ./Drivers/STM32U5xx_HAL_Driver/stm32u5xx_hal_pcd_ex.o
 .debug_aranges
                0x00000a88      0x200 ./Drivers/STM32U5xx_HAL_Driver/stm32u5xx_hal_pwr_ex.o
 .debug_aranges
                0x00000c88       0xa8 ./Drivers/STM32U5xx_HAL_Driver/stm32u5xx_hal_rcc.o
 .debug_aranges
                0x00000d30      0x160 ./Drivers/STM32U5xx_HAL_Driver/stm32u5xx_hal_rcc_ex.o
 .debug_aranges
                0x00000e90      0x248 ./Drivers/STM32U5xx_HAL_Driver/stm32u5xx_hal_uart.o
 .debug_aranges
                0x000010d8       0xb8 ./Drivers/STM32U5xx_HAL_Driver/stm32u5xx_hal_uart_ex.o
 .debug_aranges
                0x00001190       0x70 ./Drivers/STM32U5xx_HAL_Driver/stm32u5xx_ll_gpio.o
 .debug_aranges
                0x00001200      0x1a0 ./Drivers/STM32U5xx_HAL_Driver/stm32u5xx_ll_usb.o

.debug_rnglists
                0x00000000      0xf1f
 .debug_rnglists
                0x00000000       0x67 ./Core/Src/main.o
 .debug_rnglists
                0x00000067       0x1b ./Core/Src/secure_nsc.o
 .debug_rnglists
                0x00000082       0x3a ./Core/Src/stm32u5xx_hal_msp.o
 .debug_rnglists
                0x000000bc       0x49 ./Core/Src/stm32u5xx_it.o
 .debug_rnglists
                0x00000105       0x28 ./Core/Src/system_stm32u5xx_s.o
 .debug_rnglists
                0x0000012d       0x19 ./Core/Startup/startup_stm32u575zitxq.o
 .debug_rnglists
                0x00000146       0xff ./Drivers/STM32U5xx_HAL_Driver/stm32u5xx_hal.o
 .debug_rnglists
                0x00000245      0x1e2 ./Drivers/STM32U5xx_HAL_Driver/stm32u5xx_hal_adc.o
 .debug_rnglists
                0x00000427      0x110 ./Drivers/STM32U5xx_HAL_Driver/stm32u5xx_hal_cortex.o
 .debug_rnglists
                0x00000537       0x68 ./Drivers/STM32U5xx_HAL_Driver/stm32u5xx_hal_gpio.o
 .debug_rnglists
                0x0000059f       0x96 ./Drivers/STM32U5xx_HAL_Driver/stm32u5xx_hal_gtzc.o
 .debug_rnglists
                0x00000635       0x7a ./Drivers/STM32U5xx_HAL_Driver/stm32u5xx_hal_icache.o
 .debug_rnglists
                0x000006af       0xf4 ./Drivers/STM32U5xx_HAL_Driver/stm32u5xx_hal_pcd.o
 .debug_rnglists
                0x000007a3       0x45 ./Drivers/STM32U5xx_HAL_Driver/stm32u5xx_hal_pcd_ex.o
 .debug_rnglists
                0x000007e8      0x186 ./Drivers/STM32U5xx_HAL_Driver/stm32u5xx_hal_pwr_ex.o
 .debug_rnglists
                0x0000096e       0x80 ./Drivers/STM32U5xx_HAL_Driver/stm32u5xx_hal_rcc.o
 .debug_rnglists
                0x000009ee      0x113 ./Drivers/STM32U5xx_HAL_Driver/stm32u5xx_hal_rcc_ex.o
 .debug_rnglists
                0x00000b01      0x1fb ./Drivers/STM32U5xx_HAL_Driver/stm32u5xx_hal_uart.o
 .debug_rnglists
                0x00000cfc       0x8c ./Drivers/STM32U5xx_HAL_Driver/stm32u5xx_hal_uart_ex.o
 .debug_rnglists
                0x00000d88       0x51 ./Drivers/STM32U5xx_HAL_Driver/stm32u5xx_ll_gpio.o
 .debug_rnglists
                0x00000dd9      0x146 ./Drivers/STM32U5xx_HAL_Driver/stm32u5xx_ll_usb.o

.debug_macro    0x00000000    0x3747d
 .debug_macro   0x00000000      0x335 ./Core/Src/main.o
 .debug_macro   0x00000335      0xac0 ./Core/Src/main.o
 .debug_macro   0x00000df5       0x16 ./Core/Src/main.o
 .debug_macro   0x00000e0b      0x1f8 ./Core/Src/main.o
 .debug_macro   0x00001003      0x189 ./Core/Src/main.o
 .debug_macro   0x0000118c       0x63 ./Core/Src/main.o
 .debug_macro   0x000011ef       0x2e ./Core/Src/main.o
 .debug_macro   0x0000121d       0x42 ./Core/Src/main.o
 .debug_macro   0x0000125f       0x22 ./Core/Src/main.o
 .debug_macro   0x00001281       0x8e ./Core/Src/main.o
 .debug_macro   0x0000130f       0x51 ./Core/Src/main.o
 .debug_macro   0x00001360      0x103 ./Core/Src/main.o
 .debug_macro   0x00001463       0x6a ./Core/Src/main.o
 .debug_macro   0x000014cd      0x1df ./Core/Src/main.o
 .debug_macro   0x000016ac       0x1c ./Core/Src/main.o
 .debug_macro   0x000016c8       0x29 ./Core/Src/main.o
 .debug_macro   0x000016f1      0x110 ./Core/Src/main.o
 .debug_macro   0x00001801     0x17f1 ./Core/Src/main.o
 .debug_macro   0x00002ff2       0x5e ./Core/Src/main.o
 .debug_macro   0x00003050    0x22403 ./Core/Src/main.o
 .debug_macro   0x00025453       0x6d ./Core/Src/main.o
 .debug_macro   0x000254c0     0x3873 ./Core/Src/main.o
 .debug_macro   0x00028d33       0x61 ./Core/Src/main.o
 .debug_macro   0x00028d94       0x2a ./Core/Src/main.o
 .debug_macro   0x00028dbe       0x43 ./Core/Src/main.o
 .debug_macro   0x00028e01       0x34 ./Core/Src/main.o
 .debug_macro   0x00028e35       0x16 ./Core/Src/main.o
 .debug_macro   0x00028e4b       0x43 ./Core/Src/main.o
 .debug_macro   0x00028e8e       0x34 ./Core/Src/main.o
 .debug_macro   0x00028ec2       0x10 ./Core/Src/main.o
 .debug_macro   0x00028ed2       0x58 ./Core/Src/main.o
 .debug_macro   0x00028f2a       0x8e ./Core/Src/main.o
 .debug_macro   0x00028fb8       0x1c ./Core/Src/main.o
 .debug_macro   0x00028fd4      0x177 ./Core/Src/main.o
 .debug_macro   0x0002914b      0x369 ./Core/Src/main.o
 .debug_macro   0x000294b4      0x19b ./Core/Src/main.o
 .debug_macro   0x0002964f       0x5d ./Core/Src/main.o
 .debug_macro   0x000296ac     0x1af3 ./Core/Src/main.o
 .debug_macro   0x0002b19f      0x7dc ./Core/Src/main.o
 .debug_macro   0x0002b97b      0x17b ./Core/Src/main.o
 .debug_macro   0x0002baf6      0x2aa ./Core/Src/main.o
 .debug_macro   0x0002bda0       0xc9 ./Core/Src/main.o
 .debug_macro   0x0002be69      0x3fd ./Core/Src/main.o
 .debug_macro   0x0002c266      0x5a5 ./Core/Src/main.o
 .debug_macro   0x0002c80b      0x439 ./Core/Src/main.o
 .debug_macro   0x0002cc44       0xdd ./Core/Src/main.o
 .debug_macro   0x0002cd21      0x1d4 ./Core/Src/main.o
 .debug_macro   0x0002cef5     0x1415 ./Core/Src/main.o
 .debug_macro   0x0002e30a      0x950 ./Core/Src/main.o
 .debug_macro   0x0002ec5a      0x2cd ./Core/Src/main.o
 .debug_macro   0x0002ef27      0x4b7 ./Core/Src/main.o
 .debug_macro   0x0002f3de       0xa8 ./Core/Src/main.o
 .debug_macro   0x0002f486      0x131 ./Core/Src/main.o
 .debug_macro   0x0002f5b7      0x525 ./Core/Src/main.o
 .debug_macro   0x0002fadc      0x4bf ./Core/Src/main.o
 .debug_macro   0x0002ff9b      0x677 ./Core/Src/main.o
 .debug_macro   0x00030612      0x1a1 ./Core/Src/main.o
 .debug_macro   0x000307b3      0x293 ./Core/Src/main.o
 .debug_macro   0x00030a46       0x90 ./Core/Src/main.o
 .debug_macro   0x00030ad6      0x1ce ./Core/Src/main.o
 .debug_macro   0x00030ca4      0x3ae ./Core/Src/main.o
 .debug_macro   0x00031052      0x2b6 ./Core/Src/main.o
 .debug_macro   0x00031308      0x36f ./Core/Src/main.o
 .debug_macro   0x00031677      0x161 ./Core/Src/main.o
 .debug_macro   0x000317d8      0xab6 ./Core/Src/main.o
 .debug_macro   0x0003228e      0x28b ./Core/Src/main.o
 .debug_macro   0x00032519       0xed ./Core/Src/main.o
 .debug_macro   0x00032606      0x4e1 ./Core/Src/main.o
 .debug_macro   0x00032ae7      0x167 ./Core/Src/main.o
 .debug_macro   0x00032c4e      0x900 ./Core/Src/main.o
 .debug_macro   0x0003354e      0x19a ./Core/Src/main.o
 .debug_macro   0x000336e8       0x28 ./Core/Src/main.o
 .debug_macro   0x00033710      0x339 ./Core/Src/secure_nsc.o
 .debug_macro   0x00033a49      0x32f ./Core/Src/stm32u5xx_hal_msp.o
 .debug_macro   0x00033d78      0x339 ./Core/Src/stm32u5xx_it.o
 .debug_macro   0x000340b1      0x2e7 ./Core/Src/system_stm32u5xx_s.o
 .debug_macro   0x00034398      0x17f ./Core/Src/system_stm32u5xx_s.o
 .debug_macro   0x00034517      0x2eb ./Drivers/STM32U5xx_HAL_Driver/stm32u5xx_hal.o
 .debug_macro   0x00034802      0x2eb ./Drivers/STM32U5xx_HAL_Driver/stm32u5xx_hal_adc.o
 .debug_macro   0x00034aed      0x2c7 ./Drivers/STM32U5xx_HAL_Driver/stm32u5xx_hal_cortex.o
 .debug_macro   0x00034db4      0x2fc ./Drivers/STM32U5xx_HAL_Driver/stm32u5xx_hal_gpio.o
 .debug_macro   0x000350b0      0x394 ./Drivers/STM32U5xx_HAL_Driver/stm32u5xx_hal_gtzc.o
 .debug_macro   0x00035444      0x2f9 ./Drivers/STM32U5xx_HAL_Driver/stm32u5xx_hal_icache.o
 .debug_macro   0x0003573d      0x2d3 ./Drivers/STM32U5xx_HAL_Driver/stm32u5xx_hal_pcd.o
 .debug_macro   0x00035a10      0x2c7 ./Drivers/STM32U5xx_HAL_Driver/stm32u5xx_hal_pcd_ex.o
 .debug_macro   0x00035cd7      0x2f2 ./Drivers/STM32U5xx_HAL_Driver/stm32u5xx_hal_pwr_ex.o
 .debug_macro   0x00035fc9      0x3cd ./Drivers/STM32U5xx_HAL_Driver/stm32u5xx_hal_rcc.o
 .debug_macro   0x00036396      0x3f1 ./Drivers/STM32U5xx_HAL_Driver/stm32u5xx_hal_rcc_ex.o
 .debug_macro   0x00036787      0x2f2 ./Drivers/STM32U5xx_HAL_Driver/stm32u5xx_hal_uart.o
 .debug_macro   0x00036a79      0x2d3 ./Drivers/STM32U5xx_HAL_Driver/stm32u5xx_hal_uart_ex.o
 .debug_macro   0x00036d4c      0x309 ./Drivers/STM32U5xx_HAL_Driver/stm32u5xx_ll_gpio.o
 .debug_macro   0x00037055      0x161 ./Drivers/STM32U5xx_HAL_Driver/stm32u5xx_ll_gpio.o
 .debug_macro   0x000371b6      0x2c7 ./Drivers/STM32U5xx_HAL_Driver/stm32u5xx_ll_usb.o

.debug_line     0x00000000    0x1a3ed
 .debug_line    0x00000000      0xd4a ./Core/Src/main.o
 .debug_line    0x00000d4a      0xa5c ./Core/Src/secure_nsc.o
 .debug_line    0x000017a6      0xb41 ./Core/Src/stm32u5xx_hal_msp.o
 .debug_line    0x000022e7      0xaf0 ./Core/Src/stm32u5xx_it.o
 .debug_line    0x00002dd7      0xadd ./Core/Src/system_stm32u5xx_s.o
 .debug_line    0x000038b4       0x79 ./Core/Startup/startup_stm32u575zitxq.o
 .debug_line    0x0000392d      0xe6d ./Drivers/STM32U5xx_HAL_Driver/stm32u5xx_hal.o
 .debug_line    0x0000479a     0x2962 ./Drivers/STM32U5xx_HAL_Driver/stm32u5xx_hal_adc.o
 .debug_line    0x000070fc     0x10ef ./Drivers/STM32U5xx_HAL_Driver/stm32u5xx_hal_cortex.o
 .debug_line    0x000081eb      0xfb9 ./Drivers/STM32U5xx_HAL_Driver/stm32u5xx_hal_gpio.o
 .debug_line    0x000091a4     0x1d0e ./Drivers/STM32U5xx_HAL_Driver/stm32u5xx_hal_gtzc.o
 .debug_line    0x0000aeb2      0xc67 ./Drivers/STM32U5xx_HAL_Driver/stm32u5xx_hal_icache.o
 .debug_line    0x0000bb19     0x1702 ./Drivers/STM32U5xx_HAL_Driver/stm32u5xx_hal_pcd.o
 .debug_line    0x0000d21b      0xb93 ./Drivers/STM32U5xx_HAL_Driver/stm32u5xx_hal_pcd_ex.o
 .debug_line    0x0000ddae     0x12fb ./Drivers/STM32U5xx_HAL_Driver/stm32u5xx_hal_pwr_ex.o
 .debug_line    0x0000f0a9     0x16ce ./Drivers/STM32U5xx_HAL_Driver/stm32u5xx_hal_rcc.o
 .debug_line    0x00010777     0x2438 ./Drivers/STM32U5xx_HAL_Driver/stm32u5xx_hal_rcc_ex.o
 .debug_line    0x00012baf     0x3aeb ./Drivers/STM32U5xx_HAL_Driver/stm32u5xx_hal_uart.o
 .debug_line    0x0001669a     0x10f6 ./Drivers/STM32U5xx_HAL_Driver/stm32u5xx_hal_uart_ex.o
 .debug_line    0x00017790      0xcca ./Drivers/STM32U5xx_HAL_Driver/stm32u5xx_ll_gpio.o
 .debug_line    0x0001845a     0x1f93 ./Drivers/STM32U5xx_HAL_Driver/stm32u5xx_ll_usb.o

.debug_str      0x00000000   0x15f35d
 .debug_str     0x00000000   0x15492a ./Core/Src/main.o
                             0x15801b (size before relaxing)
 .debug_str     0x0015492a       0xd4 ./Core/Src/secure_nsc.o
                             0x156a23 (size before relaxing)
 .debug_str     0x001549fe      0x3fd ./Core/Src/stm32u5xx_hal_msp.o
                             0x157d5e (size before relaxing)
 .debug_str     0x00154dfb       0xdd ./Core/Src/stm32u5xx_it.o
                             0x1569d8 (size before relaxing)
 .debug_str     0x00154ed8      0x71f ./Core/Src/system_stm32u5xx_s.o
                             0x1452e1 (size before relaxing)
 .debug_str     0x001555f7       0x45 ./Core/Startup/startup_stm32u575zitxq.o
                                 0xa9 (size before relaxing)
 .debug_str     0x0015563c      0xf6b ./Drivers/STM32U5xx_HAL_Driver/stm32u5xx_hal.o
                             0x145b71 (size before relaxing)
 .debug_str     0x001565a7      0xec8 ./Drivers/STM32U5xx_HAL_Driver/stm32u5xx_hal_adc.o
                             0x145fa7 (size before relaxing)
 .debug_str     0x0015746f      0x49c ./Drivers/STM32U5xx_HAL_Driver/stm32u5xx_hal_cortex.o
                             0x145977 (size before relaxing)
 .debug_str     0x0015790b      0x347 ./Drivers/STM32U5xx_HAL_Driver/stm32u5xx_hal_gpio.o
                             0x144d21 (size before relaxing)
 .debug_str     0x00157c52      0xbb5 ./Drivers/STM32U5xx_HAL_Driver/stm32u5xx_hal_gtzc.o
                             0x1455b8 (size before relaxing)
 .debug_str     0x00158807      0x6bd ./Drivers/STM32U5xx_HAL_Driver/stm32u5xx_hal_icache.o
                             0x144fc4 (size before relaxing)
 .debug_str     0x00158ec4      0x86d ./Drivers/STM32U5xx_HAL_Driver/stm32u5xx_hal_pcd.o
                             0x14558b (size before relaxing)
 .debug_str     0x00159731      0x1c8 ./Drivers/STM32U5xx_HAL_Driver/stm32u5xx_hal_pcd_ex.o
                             0x144f29 (size before relaxing)
 .debug_str     0x001598f9      0x867 ./Drivers/STM32U5xx_HAL_Driver/stm32u5xx_hal_pwr_ex.o
                             0x1453e2 (size before relaxing)
 .debug_str     0x0015a160     0x137a ./Drivers/STM32U5xx_HAL_Driver/stm32u5xx_hal_rcc.o
                             0x1463dc (size before relaxing)
 .debug_str     0x0015b4da     0x25bf ./Drivers/STM32U5xx_HAL_Driver/stm32u5xx_hal_rcc_ex.o
                             0x1475fa (size before relaxing)
 .debug_str     0x0015da99      0x9ad ./Drivers/STM32U5xx_HAL_Driver/stm32u5xx_hal_uart.o
                             0x145969 (size before relaxing)
 .debug_str     0x0015e446      0x367 ./Drivers/STM32U5xx_HAL_Driver/stm32u5xx_hal_uart_ex.o
                             0x14541b (size before relaxing)
 .debug_str     0x0015e7ad      0x6ac ./Drivers/STM32U5xx_HAL_Driver/stm32u5xx_ll_gpio.o
                             0x14720c (size before relaxing)
 .debug_str     0x0015ee59      0x504 ./Drivers/STM32U5xx_HAL_Driver/stm32u5xx_ll_usb.o
                             0x145485 (size before relaxing)

.comment        0x00000000       0x43
 .comment       0x00000000       0x43 ./Core/Src/main.o
                                 0x44 (size before relaxing)
 .comment       0x00000043       0x44 ./Core/Src/stm32u5xx_hal_msp.o
 .comment       0x00000043       0x44 ./Core/Src/stm32u5xx_it.o
 .comment       0x00000043       0x44 ./Core/Src/system_stm32u5xx_s.o
 .comment       0x00000043       0x44 ./Drivers/STM32U5xx_HAL_Driver/stm32u5xx_hal.o
 .comment       0x00000043       0x44 ./Drivers/STM32U5xx_HAL_Driver/stm32u5xx_hal_adc.o
 .comment       0x00000043       0x44 ./Drivers/STM32U5xx_HAL_Driver/stm32u5xx_hal_cortex.o
 .comment       0x00000043       0x44 ./Drivers/STM32U5xx_HAL_Driver/stm32u5xx_hal_gpio.o
 .comment       0x00000043       0x44 ./Drivers/STM32U5xx_HAL_Driver/stm32u5xx_hal_gtzc.o
 .comment       0x00000043       0x44 ./Drivers/STM32U5xx_HAL_Driver/stm32u5xx_hal_icache.o
 .comment       0x00000043       0x44 ./Drivers/STM32U5xx_HAL_Driver/stm32u5xx_hal_pcd.o
 .comment       0x00000043       0x44 ./Drivers/STM32U5xx_HAL_Driver/stm32u5xx_hal_pcd_ex.o
 .comment       0x00000043       0x44 ./Drivers/STM32U5xx_HAL_Driver/stm32u5xx_hal_pwr_ex.o
 .comment       0x00000043       0x44 ./Drivers/STM32U5xx_HAL_Driver/stm32u5xx_hal_rcc.o
 .comment       0x00000043       0x44 ./Drivers/STM32U5xx_HAL_Driver/stm32u5xx_hal_rcc_ex.o
 .comment       0x00000043       0x44 ./Drivers/STM32U5xx_HAL_Driver/stm32u5xx_hal_uart.o
 .comment       0x00000043       0x44 ./Drivers/STM32U5xx_HAL_Driver/stm32u5xx_hal_uart_ex.o
 .comment       0x00000043       0x44 ./Drivers/STM32U5xx_HAL_Driver/stm32u5xx_ll_gpio.o
 .comment       0x00000043       0x44 ./Drivers/STM32U5xx_HAL_Driver/stm32u5xx_ll_usb.o

.debug_frame    0x00000000     0x53b8
 .debug_frame   0x00000000      0x1e0 ./Core/Src/main.o
 .debug_frame   0x000001e0       0x5c ./Core/Src/secure_nsc.o
 .debug_frame   0x0000023c      0x118 ./Core/Src/stm32u5xx_hal_msp.o
 .debug_frame   0x00000354      0x11c ./Core/Src/stm32u5xx_it.o
 .debug_frame   0x00000470       0x98 ./Core/Src/system_stm32u5xx_s.o
 .debug_frame   0x00000508      0x550 ./Drivers/STM32U5xx_HAL_Driver/stm32u5xx_hal.o
 .debug_frame   0x00000a58      0xb94 ./Drivers/STM32U5xx_HAL_Driver/stm32u5xx_hal_adc.o
 .debug_frame   0x000015ec      0x640 ./Drivers/STM32U5xx_HAL_Driver/stm32u5xx_hal_cortex.o
 .debug_frame   0x00001c2c      0x23c ./Drivers/STM32U5xx_HAL_Driver/stm32u5xx_hal_gpio.o
 .debug_frame   0x00001e68      0x32c ./Drivers/STM32U5xx_HAL_Driver/stm32u5xx_hal_gtzc.o
 .debug_frame   0x00002194      0x298 ./Drivers/STM32U5xx_HAL_Driver/stm32u5xx_hal_icache.o
 .debug_frame   0x0000242c      0x590 ./Drivers/STM32U5xx_HAL_Driver/stm32u5xx_hal_pcd.o
 .debug_frame   0x000029bc      0x174 ./Drivers/STM32U5xx_HAL_Driver/stm32u5xx_hal_pcd_ex.o
 .debug_frame   0x00002b30      0x84c ./Drivers/STM32U5xx_HAL_Driver/stm32u5xx_hal_pwr_ex.o
 .debug_frame   0x0000337c      0x288 ./Drivers/STM32U5xx_HAL_Driver/stm32u5xx_hal_rcc.o
 .debug_frame   0x00003604      0x5f0 ./Drivers/STM32U5xx_HAL_Driver/stm32u5xx_hal_rcc_ex.o
 .debug_frame   0x00003bf4      0xa84 ./Drivers/STM32U5xx_HAL_Driver/stm32u5xx_hal_uart.o
 .debug_frame   0x00004678      0x310 ./Drivers/STM32U5xx_HAL_Driver/stm32u5xx_hal_uart_ex.o
 .debug_frame   0x00004988      0x1c0 ./Drivers/STM32U5xx_HAL_Driver/stm32u5xx_ll_gpio.o
 .debug_frame   0x00004b48      0x7c0 ./Drivers/STM32U5xx_HAL_Driver/stm32u5xx_ll_usb.o
 .debug_frame   0x00005308       0x20 E:/ST/STM32CubeIDE_1.15.1/STM32CubeIDE/plugins/com.st.stm32cube.ide.mcu.externaltools.gnu-tools-for-stm32.12.3.rel1.win32_1.0.100.202403111256/tools/bin/../lib/gcc/arm-none-eabi/12.3.1/../../../../arm-none-eabi/lib/thumb/v8-m.main+fp/hard\libc_nano.a(libc_a-memset.o)
 .debug_frame   0x00005328       0x2c E:/ST/STM32CubeIDE_1.15.1/STM32CubeIDE/plugins/com.st.stm32cube.ide.mcu.externaltools.gnu-tools-for-stm32.12.3.rel1.win32_1.0.100.202403111256/tools/bin/../lib/gcc/arm-none-eabi/12.3.1/../../../../arm-none-eabi/lib/thumb/v8-m.main+fp/hard\libc_nano.a(libc_a-init.o)
 .debug_frame   0x00005354       0x2c E:/ST/STM32CubeIDE_1.15.1/STM32CubeIDE/plugins/com.st.stm32cube.ide.mcu.externaltools.gnu-tools-for-stm32.12.3.rel1.win32_1.0.100.202403111256/tools/bin/../lib/gcc/arm-none-eabi/12.3.1/thumb/v8-m.main+fp/hard\libgcc.a(_aeabi_uldivmod.o)
 .debug_frame   0x00005380       0x38 E:/ST/STM32CubeIDE_1.15.1/STM32CubeIDE/plugins/com.st.stm32cube.ide.mcu.externaltools.gnu-tools-for-stm32.12.3.rel1.win32_1.0.100.202403111256/tools/bin/../lib/gcc/arm-none-eabi/12.3.1/thumb/v8-m.main+fp/hard\libgcc.a(_udivmoddi4.o)

.debug_line_str
                0x00000000       0x8d
 .debug_line_str
                0x00000000       0x8d ./Core/Startup/startup_stm32u575zitxq.o
